Running with gitlab-runner 16.11.2 (1d04b67a)
  on l7lp2apmglr0004-Prod-Global-GitLab-Cloud-Shell-apihub-shared otbgjhye, system ID: s_842e1c8182d6
Resolving secrets
Preparing the "shell" executor
00:00
Using Shell (bash) executor...
Preparing environment
00:01
Running on l7lp2apmglr0004...
Getting source from Git repository
00:02
Fetching changes with git depth set to 20...
Reinitialized existing Git repository in /home/gitlab-runner/builds/otbgjhye/0/fts-apimanagement/fts-python-microservices/ai-chatbot/.git/
Checking out 26a68845 as detached HEAD (ref is main)...
Skipping Git submodules setup
Executing "step_script" stage of the job script
01:20
$ echo "Logging in to Nexus Docker registry..."
Logging in to Nexus Docker registry...
$ echo "$NEXUS_REPO_PASS" | docker login -u "$NEXUS_REPO_USER" --password-stdin $NEXUS_REGISTRY
WARNING! Your password will be stored unencrypted in /home/gitlab-runner/.docker/config.json.
Configure a credential helper to remove this warning. See
https://docs.docker.com/engine/reference/commandline/login/#credentials-store
Login Succeeded
$ echo "Building Docker image with Python code..."
Building Docker image with Python code...
$ docker build -t $FULL_IMAGE_NAME .
#0 building with "default" instance using docker driver
#1 [internal] load build definition from Dockerfile
#1 transferring dockerfile: 924B done
#1 DONE 0.0s
#2 [internal] load metadata for fmk.nexus.onefiserv.net/fmk/python/python-3.9:FMK-01-10-24
#2 DONE 0.6s
#3 [internal] load .dockerignore
#3 transferring context: 2B done
#3 DONE 0.0s
#4 [1/6] FROM fmk.nexus.onefiserv.net/fmk/python/python-3.9:FMK-01-10-24@sha256:27e209951b4198d676b6af7b2eef6029bd67ba1682dd91c8037f5ba8dd7c7302
#4 DONE 0.0s
#5 [internal] load build context
#5 transferring context: 46.30kB 0.0s done
#5 DONE 0.1s
#4 [1/6] FROM fmk.nexus.onefiserv.net/fmk/python/python-3.9:FMK-01-10-24@sha256:27e209951b4198d676b6af7b2eef6029bd67ba1682dd91c8037f5ba8dd7c7302
#4 CACHED
#6 [2/6] COPY . /app
#6 DONE 0.6s
#7 [3/6] WORKDIR /app
#7 DONE 0.2s
#8 [4/6] COPY requirements.txt ./
#8 DONE 0.2s
#9 [5/6] ADD requirements.txt /app/
#9 DONE 0.2s
#10 [6/6] RUN python -m pip install -r requirements.txt
#10 1.924 Looking in indexes: https://nexus.onefiserv.net/repository/pypi-proxy/simple
#10 1.943 Collecting pip@ https://nexus.onefiserv.net/repository/pypi-proxy/packages/pip/25.0.1/pip-25.0.1-py3-none-any.whl (from -r requirements.txt (line 6))
#10 2.427   Downloading https://nexus.onefiserv.net/repository/pypi-proxy/packages/pip/25.0.1/pip-25.0.1-py3-none-any.whl (1.8 MB)
#10 2.743      ━━━━━━━━━━━━━━━━━━━━━━━━━━━━━━━━━━━━━━━━ 1.8/1.8 MB 5.9 MB/s eta 0:00:00
#10 3.065 Collecting streamlit==1.36.0 (from -r requirements.txt (line 3))
#10 3.297   Downloading https://nexus.onefiserv.net/repository/pypi-proxy/packages/streamlit/1.36.0/streamlit-1.36.0-py2.py3-none-any.whl (8.6 MB)
#10 3.572      ━━━━━━━━━━━━━━━━━━━━━━━━━━━━━━━━━━━━━━━━ 8.6/8.6 MB 31.8 MB/s eta 0:00:00
#10 3.831 Collecting streamlit-toggle-switch==1.0.2 (from -r requirements.txt (line 4))
#10 4.064   Downloading https://nexus.onefiserv.net/repository/pypi-proxy/packages/streamlit-toggle-switch/1.0.2/streamlit_toggle_switch-1.0.2-py3-none-any.whl (635 kB)
#10 4.076      ━━━━━━━━━━━━━━━━━━━━━━━━━━━━━━━━━━━━━━ 635.4/635.4 kB 78.4 MB/s eta 0:00:00
#10 4.202 Collecting requests==2.32.3 (from -r requirements.txt (line 5))
#10 4.277   Downloading https://nexus.onefiserv.net/repository/pypi-proxy/packages/requests/2.32.3/requests-2.32.3-py3-none-any.whl (64 kB)
#10 4.281      ━━━━━━━━━━━━━━━━━━━━━━━━━━━━━━━━━━━━━━━━ 64.9/64.9 kB 84.3 MB/s eta 0:00:00
#10 4.492 Collecting altair<6,>=4.0 (from streamlit==1.36.0->-r requirements.txt (line 3))
#10 4.716   Downloading https://nexus.onefiserv.net/repository/pypi-proxy/packages/altair/5.5.0/altair-5.5.0-py3-none-any.whl (731 kB)
#10 4.735      ━━━━━━━━━━━━━━━━━━━━━━━━━━━━━━━━━━━━━━ 731.2/731.2 kB 50.0 MB/s eta 0:00:00
#10 4.952 Collecting blinker<2,>=1.0.0 (from streamlit==1.36.0->-r requirements.txt (line 3))
#10 5.104   Downloading https://nexus.onefiserv.net/repository/pypi-proxy/packages/blinker/1.9.0/blinker-1.9.0-py3-none-any.whl (8.5 kB)
#10 5.284 Collecting cachetools<6,>=4.0 (from streamlit==1.36.0->-r requirements.txt (line 3))
#10 5.483   Downloading https://nexus.onefiserv.net/repository/pypi-proxy/packages/cachetools/5.5.2/cachetools-5.5.2-py3-none-any.whl (10 kB)
#10 5.644 Collecting click<9,>=7.0 (from streamlit==1.36.0->-r requirements.txt (line 3))
#10 5.888   Downloading https://nexus.onefiserv.net/repository/pypi-proxy/packages/click/8.1.8/click-8.1.8-py3-none-any.whl (98 kB)
#10 5.892      ━━━━━━━━━━━━━━━━━━━━━━━━━━━━━━━━━━━━━━━ 98.2/98.2 kB 122.6 MB/s eta 0:00:00
#10 6.421 Collecting numpy<3,>=1.20 (from streamlit==1.36.0->-r requirements.txt (line 3))
#10 6.765   Downloading https://nexus.onefiserv.net/repository/pypi-proxy/packages/numpy/2.0.2/numpy-2.0.2-cp39-cp39-manylinux_2_17_x86_64.manylinux2014_x86_64.whl (19.5 MB)
#10 7.344      ━━━━━━━━━━━━━━━━━━━━━━━━━━━━━━━━━━━━━━━━ 19.5/19.5 MB 30.5 MB/s eta 0:00:00
#10 7.582 Collecting packaging<25,>=20 (from streamlit==1.36.0->-r requirements.txt (line 3))
#10 7.723   Downloading https://nexus.onefiserv.net/repository/pypi-proxy/packages/packaging/24.2/packaging-24.2-py3-none-any.whl (65 kB)
#10 7.727      ━━━━━━━━━━━━━━━━━━━━━━━━━━━━━━━━━━━━━━━━ 65.5/65.5 kB 92.9 MB/s eta 0:00:00
#10 8.206 Collecting pandas<3,>=1.3.0 (from streamlit==1.36.0->-r requirements.txt (line 3))
#10 8.453   Downloading https://nexus.onefiserv.net/repository/pypi-proxy/packages/pandas/2.3.0/pandas-2.3.0-cp39-cp39-manylinux_2_17_x86_64.manylinux2014_x86_64.whl (12.4 MB)
#10 8.899      ━━━━━━━━━━━━━━━━━━━━━━━━━━━━━━━━━━━━━━━━ 12.4/12.4 MB 27.6 MB/s eta 0:00:00
#10 9.325 Collecting pillow<11,>=7.1.0 (from streamlit==1.36.0->-r requirements.txt (line 3))
#10 9.569   Downloading https://nexus.onefiserv.net/repository/pypi-proxy/packages/pillow/10.4.0/pillow-10.4.0-cp39-cp39-manylinux_2_28_x86_64.whl (4.5 MB)
#10 9.808      ━━━━━━━━━━━━━━━━━━━━━━━━━━━━━━━━━━━━━━━━ 4.5/4.5 MB 19.2 MB/s eta 0:00:00
#10 10.45 Collecting protobuf<6,>=3.20 (from streamlit==1.36.0->-r requirements.txt (line 3))
#10 10.75   Downloading https://nexus.onefiserv.net/repository/pypi-proxy/packages/protobuf/5.29.5/protobuf-5.29.5-cp38-abi3-manylinux2014_x86_64.whl (319 kB)
#10 10.76      ━━━━━━━━━━━━━━━━━━━━━━━━━━━━━━━━━━━━━ 319.9/319.9 kB 142.9 MB/s eta 0:00:00
#10 11.05 Collecting pyarrow>=7.0 (from streamlit==1.36.0->-r requirements.txt (line 3))
#10 11.36   Downloading https://nexus.onefiserv.net/repository/pypi-proxy/packages/pyarrow/20.0.0/pyarrow-20.0.0-cp39-cp39-manylinux_2_28_x86_64.whl (42.3 MB)
#10 15.00      ━━━━━━━━━━━━━━━━━━━━━━━━━━━━━━━━━━━━━━━━ 42.3/42.3 MB 11.2 MB/s eta 0:00:00
#10 15.59 Collecting rich<14,>=10.14.0 (from streamlit==1.36.0->-r requirements.txt (line 3))
#10 15.81   Downloading https://nexus.onefiserv.net/repository/pypi-proxy/packages/rich/13.9.4/rich-13.9.4-py3-none-any.whl (242 kB)
#10 15.82      ━━━━━━━━━━━━━━━━━━━━━━━━━━━━━━━━━━━━━━ 242.4/242.4 kB 59.4 MB/s eta 0:00:00
#10 16.03 Collecting tenacity<9,>=8.1.0 (from streamlit==1.36.0->-r requirements.txt (line 3))
#10 16.24   Downloading https://nexus.onefiserv.net/repository/pypi-proxy/packages/tenacity/8.5.0/tenacity-8.5.0-py3-none-any.whl (28 kB)
#10 16.42 Collecting toml<2,>=0.10.1 (from streamlit==1.36.0->-r requirements.txt (line 3))
#10 16.61   Downloading https://nexus.onefiserv.net/repository/pypi-proxy/packages/toml/0.10.2/toml-0.10.2-py2.py3-none-any.whl (16 kB)
#10 16.76 Collecting typing-extensions<5,>=4.3.0 (from streamlit==1.36.0->-r requirements.txt (line 3))
#10 16.96   Downloading https://nexus.onefiserv.net/repository/pypi-proxy/packages/typing-extensions/4.14.0/typing_extensions-4.14.0-py3-none-any.whl (43 kB)
#10 17.18      ━━━━━━━━━━━━━━━━━━━━━━━━━━━━━━━━━━━━━━━ 43.8/43.8 kB 155.6 kB/s eta 0:00:00
#10 17.38 Collecting gitpython!=3.1.19,<4,>=3.0.7 (from streamlit==1.36.0->-r requirements.txt (line 3))
#10 17.55   Downloading https://nexus.onefiserv.net/repository/pypi-proxy/packages/gitpython/3.1.44/GitPython-3.1.44-py3-none-any.whl (207 kB)
#10 17.56      ━━━━━━━━━━━━━━━━━━━━━━━━━━━━━━━━━━━━━ 207.6/207.6 kB 121.7 MB/s eta 0:00:00
#10 17.69 Collecting pydeck<1,>=0.8.0b4 (from streamlit==1.36.0->-r requirements.txt (line 3))
#10 17.98   Downloading https://nexus.onefiserv.net/repository/pypi-proxy/packages/pydeck/0.9.1/pydeck-0.9.1-py2.py3-none-any.whl (6.9 MB)
#10 19.07      ━━━━━━━━━━━━━━━━━━━━━━━━━━━━━━━━━━━━━━━━ 6.9/6.9 MB 6.4 MB/s eta 0:00:00
#10 19.24 Collecting tornado<7,>=6.0.3 (from streamlit==1.36.0->-r requirements.txt (line 3))
#10 19.44   Downloading https://nexus.onefiserv.net/repository/pypi-proxy/packages/tornado/6.5.1/tornado-6.5.1-cp39-abi3-manylinux_2_5_x86_64.manylinux1_x86_64.manylinux_2_17_x86_64.manylinux2014_x86_64.whl (443 kB)
#10 19.50      ━━━━━━━━━━━━━━━━━━━━━━━━━━━━━━━━━━━━━━━ 443.3/443.3 kB 8.5 MB/s eta 0:00:00
#10 19.83 Collecting watchdog<5,>=2.1.5 (from streamlit==1.36.0->-r requirements.txt (line 3))
#10 20.07   Downloading https://nexus.onefiserv.net/repository/pypi-proxy/packages/watchdog/4.0.2/watchdog-4.0.2-py3-none-manylinux2014_x86_64.whl (82 kB)
#10 20.07      ━━━━━━━━━━━━━━━━━━━━━━━━━━━━━━━━━━━━━━━━ 82.9/82.9 kB 85.2 MB/s eta 0:00:00
#10 20.53 Collecting charset-normalizer<4,>=2 (from requests==2.32.3->-r requirements.txt (line 5))
#10 21.30   Downloading https://nexus.onefiserv.net/repository/pypi-proxy/packages/charset-normalizer/3.4.2/charset_normalizer-3.4.2-cp39-cp39-manylinux_2_17_x86_64.manylinux2014_x86_64.whl (149 kB)
#10 21.30      ━━━━━━━━━━━━━━━━━━━━━━━━━━━━━━━━━━━━━ 149.5/149.5 kB 124.6 MB/s eta 0:00:00
#10 21.49 Collecting idna<4,>=2.5 (from requests==2.32.3->-r requirements.txt (line 5))
#10 21.70   Downloading https://nexus.onefiserv.net/repository/pypi-proxy/packages/idna/3.10/idna-3.10-py3-none-any.whl (70 kB)
#10 21.71      ━━━━━━━━━━━━━━━━━━━━━━━━━━━━━━━━━━━━━━━ 70.4/70.4 kB 104.9 MB/s eta 0:00:00
#10 21.90 Collecting urllib3<3,>=1.21.1 (from requests==2.32.3->-r requirements.txt (line 5))
#10 22.11   Downloading https://nexus.onefiserv.net/repository/pypi-proxy/packages/urllib3/2.5.0/urllib3-2.5.0-py3-none-any.whl (129 kB)
#10 22.11      ━━━━━━━━━━━━━━━━━━━━━━━━━━━━━━━━━━━━━━ 129.8/129.8 kB 94.2 MB/s eta 0:00:00
#10 22.24 Collecting certifi>=2017.4.17 (from requests==2.32.3->-r requirements.txt (line 5))
#10 22.52   Downloading https://nexus.onefiserv.net/repository/pypi-proxy/packages/certifi/2025.6.15/certifi-2025.6.15-py3-none-any.whl (157 kB)
#10 22.52      ━━━━━━━━━━━━━━━━━━━━━━━━━━━━━━━━━━━━━ 157.7/157.7 kB 101.3 MB/s eta 0:00:00
#10 22.78 Collecting jinja2 (from altair<6,>=4.0->streamlit==1.36.0->-r requirements.txt (line 3))
#10 23.03   Downloading https://nexus.onefiserv.net/repository/pypi-proxy/packages/jinja2/3.1.6/jinja2-3.1.6-py3-none-any.whl (134 kB)
#10 23.03      ━━━━━━━━━━━━━━━━━━━━━━━━━━━━━━━━━━━━━━ 134.9/134.9 kB 87.0 MB/s eta 0:00:00
#10 23.22 Collecting jsonschema>=3.0 (from altair<6,>=4.0->streamlit==1.36.0->-r requirements.txt (line 3))
#10 23.50   Downloading https://nexus.onefiserv.net/repository/pypi-proxy/packages/jsonschema/4.24.0/jsonschema-4.24.0-py3-none-any.whl (88 kB)
#10 23.51      ━━━━━━━━━━━━━━━━━━━━━━━━━━━━━━━━━━━━━━━━ 88.7/88.7 kB 76.3 MB/s eta 0:00:00
#10 24.10 Collecting narwhals>=1.14.2 (from altair<6,>=4.0->streamlit==1.36.0->-r requirements.txt (line 3))
#10 24.31   Downloading https://nexus.onefiserv.net/repository/pypi-proxy/packages/narwhals/1.44.0/narwhals-1.44.0-py3-none-any.whl (365 kB)
#10 24.41      ━━━━━━━━━━━━━━━━━━━━━━━━━━━━━━━━━━━━━━━ 365.2/365.2 kB 3.6 MB/s eta 0:00:00
#10 24.64 Collecting gitdb<5,>=4.0.1 (from gitpython!=3.1.19,<4,>=3.0.7->streamlit==1.36.0->-r requirements.txt (line 3))
#10 24.80   Downloading https://nexus.onefiserv.net/repository/pypi-proxy/packages/gitdb/4.0.12/gitdb-4.0.12-py3-none-any.whl (62 kB)
#10 24.81      ━━━━━━━━━━━━━━━━━━━━━━━━━━━━━━━━━━━━━━━━ 62.8/62.8 kB 77.3 MB/s eta 0:00:00
#10 25.11 Collecting python-dateutil>=2.8.2 (from pandas<3,>=1.3.0->streamlit==1.36.0->-r requirements.txt (line 3))
#10 25.24   Downloading https://nexus.onefiserv.net/repository/pypi-proxy/packages/python-dateutil/2.9.0.post0/python_dateutil-2.9.0.post0-py2.py3-none-any.whl (229 kB)
#10 25.29      ━━━━━━━━━━━━━━━━━━━━━━━━━━━━━━━━━━━━━━━ 229.9/229.9 kB 4.3 MB/s eta 0:00:00
#10 25.62 Collecting pytz>=2020.1 (from pandas<3,>=1.3.0->streamlit==1.36.0->-r requirements.txt (line 3))
#10 25.81   Downloading https://nexus.onefiserv.net/repository/pypi-proxy/packages/pytz/2025.2/pytz-2025.2-py2.py3-none-any.whl (509 kB)
#10 25.92      ━━━━━━━━━━━━━━━━━━━━━━━━━━━━━━━━━━━━━━━ 509.2/509.2 kB 4.4 MB/s eta 0:00:00
#10 26.12 Collecting tzdata>=2022.7 (from pandas<3,>=1.3.0->streamlit==1.36.0->-r requirements.txt (line 3))
#10 26.35   Downloading https://nexus.onefiserv.net/repository/pypi-proxy/packages/tzdata/2025.2/tzdata-2025.2-py2.py3-none-any.whl (347 kB)
#10 26.41      ━━━━━━━━━━━━━━━━━━━━━━━━━━━━━━━━━━━━━━━ 347.8/347.8 kB 6.6 MB/s eta 0:00:00
#10 26.71 Collecting markdown-it-py>=2.2.0 (from rich<14,>=10.14.0->streamlit==1.36.0->-r requirements.txt (line 3))
#10 26.89   Downloading https://nexus.onefiserv.net/repository/pypi-proxy/packages/markdown-it-py/3.0.0/markdown_it_py-3.0.0-py3-none-any.whl (87 kB)
#10 26.89      ━━━━━━━━━━━━━━━━━━━━━━━━━━━━━━━━━━━━━━━ 87.5/87.5 kB 120.4 MB/s eta 0:00:00
#10 27.10 Collecting pygments<3.0.0,>=2.13.0 (from rich<14,>=10.14.0->streamlit==1.36.0->-r requirements.txt (line 3))
#10 27.35   Downloading https://nexus.onefiserv.net/repository/pypi-proxy/packages/pygments/2.19.2/pygments-2.19.2-py3-none-any.whl (1.2 MB)
#10 27.67      ━━━━━━━━━━━━━━━━━━━━━━━━━━━━━━━━━━━━━━━━ 1.2/1.2 MB 3.8 MB/s eta 0:00:00
#10 27.87 Collecting smmap<6,>=3.0.1 (from gitdb<5,>=4.0.1->gitpython!=3.1.19,<4,>=3.0.7->streamlit==1.36.0->-r requirements.txt (line 3))
#10 27.98   Downloading https://nexus.onefiserv.net/repository/pypi-proxy/packages/smmap/5.0.2/smmap-5.0.2-py3-none-any.whl (24 kB)
#10 28.43 Collecting MarkupSafe>=2.0 (from jinja2->altair<6,>=4.0->streamlit==1.36.0->-r requirements.txt (line 3))
#10 28.67   Downloading https://nexus.onefiserv.net/repository/pypi-proxy/packages/markupsafe/3.0.2/MarkupSafe-3.0.2-cp39-cp39-manylinux_2_17_x86_64.manylinux2014_x86_64.whl (20 kB)
#10 28.88 Collecting attrs>=22.2.0 (from jsonschema>=3.0->altair<6,>=4.0->streamlit==1.36.0->-r requirements.txt (line 3))
#10 29.05   Downloading https://nexus.onefiserv.net/repository/pypi-proxy/packages/attrs/25.3.0/attrs-25.3.0-py3-none-any.whl (63 kB)
#10 29.06      ━━━━━━━━━━━━━━━━━━━━━━━━━━━━━━━━━━━━━━━ 63.8/63.8 kB 106.5 MB/s eta 0:00:00
#10 29.31 Collecting jsonschema-specifications>=2023.03.6 (from jsonschema>=3.0->altair<6,>=4.0->streamlit==1.36.0->-r requirements.txt (line 3))
#10 29.50   Downloading https://nexus.onefiserv.net/repository/pypi-proxy/packages/jsonschema-specifications/2025.4.1/jsonschema_specifications-2025.4.1-py3-none-any.whl (18 kB)
#10 29.71 Collecting referencing>=0.28.4 (from jsonschema>=3.0->altair<6,>=4.0->streamlit==1.36.0->-r requirements.txt (line 3))
#10 29.94   Downloading https://nexus.onefiserv.net/repository/pypi-proxy/packages/referencing/0.36.2/referencing-0.36.2-py3-none-any.whl (26 kB)
#10 31.10 Collecting rpds-py>=0.7.1 (from jsonschema>=3.0->altair<6,>=4.0->streamlit==1.36.0->-r requirements.txt (line 3))
#10 31.36   Downloading https://nexus.onefiserv.net/repository/pypi-proxy/packages/rpds-py/0.25.1/rpds_py-0.25.1-cp39-cp39-manylinux_2_17_x86_64.manylinux2014_x86_64.whl (386 kB)
#10 31.41      ━━━━━━━━━━━━━━━━━━━━━━━━━━━━━━━━━━━━━━━ 387.0/387.0 kB 7.3 MB/s eta 0:00:00
#10 31.69 Collecting mdurl~=0.1 (from markdown-it-py>=2.2.0->rich<14,>=10.14.0->streamlit==1.36.0->-r requirements.txt (line 3))
#10 31.89   Downloading https://nexus.onefiserv.net/repository/pypi-proxy/packages/mdurl/0.1.2/mdurl-0.1.2-py3-none-any.whl (10.0 kB)
#10 32.14 Collecting six>=1.5 (from python-dateutil>=2.8.2->pandas<3,>=1.3.0->streamlit==1.36.0->-r requirements.txt (line 3))
#10 32.31   Downloading https://nexus.onefiserv.net/repository/pypi-proxy/packages/six/1.17.0/six-1.17.0-py2.py3-none-any.whl (11 kB)
#10 33.09 Installing collected packages: pytz, watchdog, urllib3, tzdata, typing-extensions, tornado, toml, tenacity, smmap, six, rpds-py, pygments, pyarrow, protobuf, pip, pillow, packaging, numpy, narwhals, mdurl, MarkupSafe, idna, click, charset-normalizer, certifi, cachetools, blinker, attrs, requests, referencing, python-dateutil, markdown-it-py, jinja2, gitdb, rich, pydeck, pandas, jsonschema-specifications, gitpython, jsonschema, altair, streamlit, streamlit-toggle-switch
#10 38.30   Attempting uninstall: pip
#10 38.30     Found existing installation: pip 23.3.1
#10 38.39     Uninstalling pip-23.3.1:
#10 39.75       Successfully uninstalled pip-23.3.1
#10 58.03 Successfully installed MarkupSafe-3.0.2 altair-5.5.0 attrs-25.3.0 blinker-1.9.0 cachetools-5.5.2 certifi-2025.6.15 charset-normalizer-3.4.2 click-8.1.8 gitdb-4.0.12 gitpython-3.1.44 idna-3.10 jinja2-3.1.6 jsonschema-4.24.0 jsonschema-specifications-2025.4.1 markdown-it-py-3.0.0 mdurl-0.1.2 narwhals-1.44.0 numpy-2.0.2 packaging-24.2 pandas-2.3.0 pillow-10.4.0 pip-25.0.1 protobuf-5.29.5 pyarrow-20.0.0 pydeck-0.9.1 pygments-2.19.2 python-dateutil-2.9.0.post0 pytz-2025.2 referencing-0.36.2 requests-2.32.3 rich-13.9.4 rpds-py-0.25.1 six-1.17.0 smmap-5.0.2 streamlit-1.36.0 streamlit-toggle-switch-1.0.2 tenacity-8.5.0 toml-0.10.2 tornado-6.5.1 typing-extensions-4.14.0 tzdata-2025.2 urllib3-2.5.0 watchdog-4.0.2
#10 DONE 68.5s
#11 exporting to image
#11 exporting layers
#11 exporting layers 5.2s done
#11 writing image sha256:02dbec96a7fa54f325aff3fa22207a9dacd0d5cc0cf5a7b16dc1173bac97d7d2 done
#11 naming to fmk.nexus-ci.onefiserv.net/apm/006528/ai-chatbot:26a68845 0.0s done
#11 DONE 5.3s
$ echo "Pushing Docker image to Nexus..."
Pushing Docker image to Nexus...
$ docker push $FULL_IMAGE_NAME
The push refers to repository [fmk.nexus-ci.onefiserv.net/apm/006528/ai-chatbot]
093c13481cf7: Preparing
f2b5fb575f06: Preparing
f2b5fb575f06: Preparing
5f70bf18a086: Preparing
3d0a64ae4e48: Preparing
b7025e7bbc38: Preparing
unauthorized: access to the requested resource is not authorized
Cleaning up project directory and file based variables
00:00
ERROR: Job failed: exit status 1
