Running with gitlab-runner 16.11.2 (1d04b67a)
  on l7lp2apmglr0003-Prod-Global-GitLab-Cloud-Shell-apihub-shared ZNFLWGL4, system ID: s_842e1c8182d6
Resolving secrets
Preparing the "shell" executor
00:00
Using Shell (bash) executor...
Preparing environment
00:00
Running on l7lp2apmglr0003...
Getting source from Git repository
00:02
Fetching changes with git depth set to 20...
Reinitialized existing Git repository in /home/gitlab-runner/builds/ZNFLWGL4/0/fts-apimanagement/fts-python-microservices/ai-chatbot/.git/
Checking out c85c5106 as detached HEAD (ref is main)...
Skipping Git submodules setup
Executing "step_script" stage of the job script
02:07
$ echo "Logging in to Nexus Docker registry..."
Logging in to Nexus Docker registry...
$ echo "$NEXUS_REPO_PASS" | docker login -u $Nexus_REPO_USER -p $Nexus_REPO_PASS fmk.nexus-ci.onefiserv.net
WARNING! Using --password via the CLI is insecure. Use --password-stdin.
WARNING! Your password will be stored unencrypted in /home/gitlab-runner/.docker/config.json.
Configure a credential helper to remove this warning. See
https://docs.docker.com/engine/reference/commandline/login/#credentials-store
Login Succeeded
$ echo "Building Docker image..."
Building Docker image...
$ docker build -t $FULL_IMAGE_NAME .
#0 building with "default" instance using docker driver
#1 [internal] load build definition from Dockerfile
#1 transferring dockerfile: 924B done
#1 DONE 0.0s
#2 [internal] load metadata for fmk.nexus.onefiserv.net/fmk/python/python-3.9:FMK-01-10-24
#2 DONE 0.6s
#3 [internal] load .dockerignore
#3 transferring context: 2B done
#3 DONE 0.0s
#4 [1/6] FROM fmk.nexus.onefiserv.net/fmk/python/python-3.9:FMK-01-10-24@sha256:27e209951b4198d676b6af7b2eef6029bd67ba1682dd91c8037f5ba8dd7c7302
#4 DONE 0.0s
#5 [internal] load build context
#5 transferring context: 67.83kB 0.0s done
#5 DONE 0.1s
#4 [1/6] FROM fmk.nexus.onefiserv.net/fmk/python/python-3.9:FMK-01-10-24@sha256:27e209951b4198d676b6af7b2eef6029bd67ba1682dd91c8037f5ba8dd7c7302
#4 CACHED
#6 [2/6] COPY . /app
#6 DONE 0.6s
#7 [3/6] WORKDIR /app
#7 DONE 0.2s
#8 [4/6] COPY requirements.txt ./
#8 DONE 0.2s
#9 [5/6] ADD requirements.txt /app/
#9 DONE 0.2s
#10 [6/6] RUN python -m pip install -r requirements.txt
#10 1.638 Looking in indexes: https://nexus.onefiserv.net/repository/pypi-proxy/simple
#10 1.649 Collecting pip@ https://nexus.onefiserv.net/repository/pypi-proxy/packages/pip/25.0.1/pip-25.0.1-py3-none-any.whl (from -r requirements.txt (line 7))
#10 2.136   Downloading https://nexus.onefiserv.net/repository/pypi-proxy/packages/pip/25.0.1/pip-25.0.1-py3-none-any.whl (1.8 MB)
#10 2.421      ━━━━━━━━━━━━━━━━━━━━━━━━━━━━━━━━━━━━━━━━ 1.8/1.8 MB 6.5 MB/s eta 0:00:00
#10 2.801 Collecting streamlit==1.36.0 (from -r requirements.txt (line 3))
#10 3.043   Downloading https://nexus.onefiserv.net/repository/pypi-proxy/packages/streamlit/1.36.0/streamlit-1.36.0-py2.py3-none-any.whl (8.6 MB)
#10 3.307      ━━━━━━━━━━━━━━━━━━━━━━━━━━━━━━━━━━━━━━━━ 8.6/8.6 MB 32.9 MB/s eta 0:00:00
#10 3.563 Collecting streamlit-toggle-switch==1.0.2 (from -r requirements.txt (line 4))
#10 3.811   Downloading https://nexus.onefiserv.net/repository/pypi-proxy/packages/streamlit-toggle-switch/1.0.2/streamlit_toggle_switch-1.0.2-py3-none-any.whl (635 kB)
#10 3.819      ━━━━━━━━━━━━━━━━━━━━━━━━━━━━━━━━━━━━━ 635.4/635.4 kB 154.2 MB/s eta 0:00:00
#10 3.928 Collecting requests==2.32.3 (from -r requirements.txt (line 5))
#10 4.208   Downloading https://nexus.onefiserv.net/repository/pypi-proxy/packages/requests/2.32.3/requests-2.32.3-py3-none-any.whl (64 kB)
#10 4.212      ━━━━━━━━━━━━━━━━━━━━━━━━━━━━━━━━━━━━━━━ 64.9/64.9 kB 102.3 MB/s eta 0:00:00
#10 4.421 Collecting python-dotenv (from -r requirements.txt (line 6))
#10 4.609   Downloading https://nexus.onefiserv.net/repository/pypi-proxy/packages/python-dotenv/1.1.1/python_dotenv-1.1.1-py3-none-any.whl (20 kB)
#10 4.846 Collecting altair<6,>=4.0 (from streamlit==1.36.0->-r requirements.txt (line 3))
#10 5.067   Downloading https://nexus.onefiserv.net/repository/pypi-proxy/packages/altair/5.5.0/altair-5.5.0-py3-none-any.whl (731 kB)
#10 5.077      ━━━━━━━━━━━━━━━━━━━━━━━━━━━━━━━━━━━━━ 731.2/731.2 kB 108.2 MB/s eta 0:00:00
#10 5.249 Collecting blinker<2,>=1.0.0 (from streamlit==1.36.0->-r requirements.txt (line 3))
#10 5.548   Downloading https://nexus.onefiserv.net/repository/pypi-proxy/packages/blinker/1.9.0/blinker-1.9.0-py3-none-any.whl (8.5 kB)
#10 5.733 Collecting cachetools<6,>=4.0 (from streamlit==1.36.0->-r requirements.txt (line 3))
#10 5.912   Downloading https://nexus.onefiserv.net/repository/pypi-proxy/packages/cachetools/5.5.2/cachetools-5.5.2-py3-none-any.whl (10 kB)
#10 6.086 Collecting click<9,>=7.0 (from streamlit==1.36.0->-r requirements.txt (line 3))
#10 6.269   Downloading https://nexus.onefiserv.net/repository/pypi-proxy/packages/click/8.1.8/click-8.1.8-py3-none-any.whl (98 kB)
#10 6.273      ━━━━━━━━━━━━━━━━━━━━━━━━━━━━━━━━━━━━━━━ 98.2/98.2 kB 128.0 MB/s eta 0:00:00
#10 6.756 Collecting numpy<3,>=1.20 (from streamlit==1.36.0->-r requirements.txt (line 3))
#10 6.964   Downloading https://nexus.onefiserv.net/repository/pypi-proxy/packages/numpy/2.0.2/numpy-2.0.2-cp39-cp39-manylinux_2_17_x86_64.manylinux2014_x86_64.whl (19.5 MB)
#10 7.731      ━━━━━━━━━━━━━━━━━━━━━━━━━━━━━━━━━━━━━━━━ 19.5/19.5 MB 23.9 MB/s eta 0:00:00
#10 8.016 Collecting packaging<25,>=20 (from streamlit==1.36.0->-r requirements.txt (line 3))
#10 8.149   Downloading https://nexus.onefiserv.net/repository/pypi-proxy/packages/packaging/24.2/packaging-24.2-py3-none-any.whl (65 kB)
#10 8.153      ━━━━━━━━━━━━━━━━━━━━━━━━━━━━━━━━━━━━━━━ 65.5/65.5 kB 121.5 MB/s eta 0:00:00
#10 8.575 Collecting pandas<3,>=1.3.0 (from streamlit==1.36.0->-r requirements.txt (line 3))
#10 8.770   Downloading https://nexus.onefiserv.net/repository/pypi-proxy/packages/pandas/2.3.0/pandas-2.3.0-cp39-cp39-manylinux_2_17_x86_64.manylinux2014_x86_64.whl (12.4 MB)
#10 9.421      ━━━━━━━━━━━━━━━━━━━━━━━━━━━━━━━━━━━━━━━━ 12.4/12.4 MB 18.5 MB/s eta 0:00:00
#10 9.845 Collecting pillow<11,>=7.1.0 (from streamlit==1.36.0->-r requirements.txt (line 3))
#10 10.02   Downloading https://nexus.onefiserv.net/repository/pypi-proxy/packages/pillow/10.4.0/pillow-10.4.0-cp39-cp39-manylinux_2_28_x86_64.whl (4.5 MB)
#10 10.31      ━━━━━━━━━━━━━━━━━━━━━━━━━━━━━━━━━━━━━━━━ 4.5/4.5 MB 16.0 MB/s eta 0:00:00
#10 10.87 Collecting protobuf<6,>=3.20 (from streamlit==1.36.0->-r requirements.txt (line 3))
#10 11.08   Downloading https://nexus.onefiserv.net/repository/pypi-proxy/packages/protobuf/5.29.5/protobuf-5.29.5-cp38-abi3-manylinux2014_x86_64.whl (319 kB)
#10 11.08      ━━━━━━━━━━━━━━━━━━━━━━━━━━━━━━━━━━━━━ 319.9/319.9 kB 179.0 MB/s eta 0:00:00
#10 11.39 Collecting pyarrow>=7.0 (from streamlit==1.36.0->-r requirements.txt (line 3))
#10 11.58   Downloading https://nexus.onefiserv.net/repository/pypi-proxy/packages/pyarrow/20.0.0/pyarrow-20.0.0-cp39-cp39-manylinux_2_28_x86_64.whl (42.3 MB)
#10 26.24      ━━━━━━━━━━━━━━━━━━━━━━━━━━━━━━━━━━━━━━━━ 42.3/42.3 MB 1.8 MB/s eta 0:00:00
#10 26.74 Collecting rich<14,>=10.14.0 (from streamlit==1.36.0->-r requirements.txt (line 3))
#10 26.94   Downloading https://nexus.onefiserv.net/repository/pypi-proxy/packages/rich/13.9.4/rich-13.9.4-py3-none-any.whl (242 kB)
#10 27.03      ━━━━━━━━━━━━━━━━━━━━━━━━━━━━━━━━━━━━━━━ 242.4/242.4 kB 2.7 MB/s eta 0:00:00
#10 27.22 Collecting tenacity<9,>=8.1.0 (from streamlit==1.36.0->-r requirements.txt (line 3))
#10 27.39   Downloading https://nexus.onefiserv.net/repository/pypi-proxy/packages/tenacity/8.5.0/tenacity-8.5.0-py3-none-any.whl (28 kB)
#10 27.58 Collecting toml<2,>=0.10.1 (from streamlit==1.36.0->-r requirements.txt (line 3))
#10 27.77   Downloading https://nexus.onefiserv.net/repository/pypi-proxy/packages/toml/0.10.2/toml-0.10.2-py2.py3-none-any.whl (16 kB)
#10 27.93 Collecting typing-extensions<5,>=4.3.0 (from streamlit==1.36.0->-r requirements.txt (line 3))
#10 28.10   Downloading https://nexus.onefiserv.net/repository/pypi-proxy/packages/typing-extensions/4.14.0/typing_extensions-4.14.0-py3-none-any.whl (43 kB)
#10 28.11      ━━━━━━━━━━━━━━━━━━━━━━━━━━━━━━━━━━━━━━━━ 43.8/43.8 kB 79.6 MB/s eta 0:00:00
#10 28.27 Collecting gitpython!=3.1.19,<4,>=3.0.7 (from streamlit==1.36.0->-r requirements.txt (line 3))
#10 28.53   Downloading https://nexus.onefiserv.net/repository/pypi-proxy/packages/gitpython/3.1.44/GitPython-3.1.44-py3-none-any.whl (207 kB)
#10 28.61      ━━━━━━━━━━━━━━━━━━━━━━━━━━━━━━━━━━━━━━━ 207.6/207.6 kB 2.4 MB/s eta 0:00:00
#10 28.85 Collecting pydeck<1,>=0.8.0b4 (from streamlit==1.36.0->-r requirements.txt (line 3))
#10 29.06   Downloading https://nexus.onefiserv.net/repository/pypi-proxy/packages/pydeck/0.9.1/pydeck-0.9.1-py2.py3-none-any.whl (6.9 MB)
#10 33.45      ━━━━━━━━━━━━━━━━━━━━━━━━━━━━━━━━━━━━━━━━ 6.9/6.9 MB 1.6 MB/s eta 0:00:00
#10 33.68 Collecting tornado<7,>=6.0.3 (from streamlit==1.36.0->-r requirements.txt (line 3))
#10 33.91   Downloading https://nexus.onefiserv.net/repository/pypi-proxy/packages/tornado/6.5.1/tornado-6.5.1-cp39-abi3-manylinux_2_5_x86_64.manylinux1_x86_64.manylinux_2_17_x86_64.manylinux2014_x86_64.whl (443 kB)
#10 34.19      ━━━━━━━━━━━━━━━━━━━━━━━━━━━━━━━━━━━━━━━ 443.3/443.3 kB 1.6 MB/s eta 0:00:00
#10 34.61 Collecting watchdog<5,>=2.1.5 (from streamlit==1.36.0->-r requirements.txt (line 3))
#10 34.88   Downloading https://nexus.onefiserv.net/repository/pypi-proxy/packages/watchdog/4.0.2/watchdog-4.0.2-py3-none-manylinux2014_x86_64.whl (82 kB)
#10 34.92      ━━━━━━━━━━━━━━━━━━━━━━━━━━━━━━━━━━━━━━━━ 82.9/82.9 kB 1.7 MB/s eta 0:00:00
#10 35.53 Collecting charset-normalizer<4,>=2 (from requests==2.32.3->-r requirements.txt (line 5))
#10 35.74   Downloading https://nexus.onefiserv.net/repository/pypi-proxy/packages/charset-normalizer/3.4.2/charset_normalizer-3.4.2-cp39-cp39-manylinux_2_17_x86_64.manylinux2014_x86_64.whl (149 kB)
#10 35.79      ━━━━━━━━━━━━━━━━━━━━━━━━━━━━━━━━━━━━━━━ 149.5/149.5 kB 3.1 MB/s eta 0:00:00
#10 36.01 Collecting idna<4,>=2.5 (from requests==2.32.3->-r requirements.txt (line 5))
#10 36.15   Downloading https://nexus.onefiserv.net/repository/pypi-proxy/packages/idna/3.10/idna-3.10-py3-none-any.whl (70 kB)
#10 36.16      ━━━━━━━━━━━━━━━━━━━━━━━━━━━━━━━━━━━━━━━━ 70.4/70.4 kB 82.2 MB/s eta 0:00:00
#10 36.35 Collecting urllib3<3,>=1.21.1 (from requests==2.32.3->-r requirements.txt (line 5))
#10 36.50   Downloading https://nexus.onefiserv.net/repository/pypi-proxy/packages/urllib3/2.5.0/urllib3-2.5.0-py3-none-any.whl (129 kB)
#10 36.55      ━━━━━━━━━━━━━━━━━━━━━━━━━━━━━━━━━━━━━━━ 129.8/129.8 kB 2.7 MB/s eta 0:00:00
#10 36.72 Collecting certifi>=2017.4.17 (from requests==2.32.3->-r requirements.txt (line 5))
#10 36.92   Downloading https://nexus.onefiserv.net/repository/pypi-proxy/packages/certifi/2025.6.15/certifi-2025.6.15-py3-none-any.whl (157 kB)
#10 36.97      ━━━━━━━━━━━━━━━━━━━━━━━━━━━━━━━━━━━━━━━ 157.7/157.7 kB 3.3 MB/s eta 0:00:00
#10 37.25 Collecting jinja2 (from altair<6,>=4.0->streamlit==1.36.0->-r requirements.txt (line 3))
#10 37.51   Downloading https://nexus.onefiserv.net/repository/pypi-proxy/packages/jinja2/3.1.6/jinja2-3.1.6-py3-none-any.whl (134 kB)
#10 37.55      ━━━━━━━━━━━━━━━━━━━━━━━━━━━━━━━━━━━━━━━ 134.9/134.9 kB 2.8 MB/s eta 0:00:00
#10 37.81 Collecting jsonschema>=3.0 (from altair<6,>=4.0->streamlit==1.36.0->-r requirements.txt (line 3))
#10 38.01   Downloading https://nexus.onefiserv.net/repository/pypi-proxy/packages/jsonschema/4.24.0/jsonschema-4.24.0-py3-none-any.whl (88 kB)
#10 38.07      ━━━━━━━━━━━━━━━━━━━━━━━━━━━━━━━━━━━━━━━━ 88.7/88.7 kB 1.5 MB/s eta 0:00:00
#10 38.44 Collecting narwhals>=1.14.2 (from altair<6,>=4.0->streamlit==1.36.0->-r requirements.txt (line 3))
#10 38.68   Downloading https://nexus.onefiserv.net/repository/pypi-proxy/packages/narwhals/1.44.0/narwhals-1.44.0-py3-none-any.whl (365 kB)
#10 38.87      ━━━━━━━━━━━━━━━━━━━━━━━━━━━━━━━━━━━━━━━ 365.2/365.2 kB 1.9 MB/s eta 0:00:00
#10 39.07 Collecting gitdb<5,>=4.0.1 (from gitpython!=3.1.19,<4,>=3.0.7->streamlit==1.36.0->-r requirements.txt (line 3))
#10 39.20   Downloading https://nexus.onefiserv.net/repository/pypi-proxy/packages/gitdb/4.0.12/gitdb-4.0.12-py3-none-any.whl (62 kB)
#10 39.20      ━━━━━━━━━━━━━━━━━━━━━━━━━━━━━━━━━━━━━━━ 62.8/62.8 kB 124.5 MB/s eta 0:00:00
#10 39.53 Collecting python-dateutil>=2.8.2 (from pandas<3,>=1.3.0->streamlit==1.36.0->-r requirements.txt (line 3))
#10 39.72   Downloading https://nexus.onefiserv.net/repository/pypi-proxy/packages/python-dateutil/2.9.0.post0/python_dateutil-2.9.0.post0-py2.py3-none-any.whl (229 kB)
#10 39.85      ━━━━━━━━━━━━━━━━━━━━━━━━━━━━━━━━━━━━━━━ 229.9/229.9 kB 1.8 MB/s eta 0:00:00
#10 40.19 Collecting pytz>=2020.1 (from pandas<3,>=1.3.0->streamlit==1.36.0->-r requirements.txt (line 3))
#10 40.51   Downloading https://nexus.onefiserv.net/repository/pypi-proxy/packages/pytz/2025.2/pytz-2025.2-py2.py3-none-any.whl (509 kB)
#10 40.83      ━━━━━━━━━━━━━━━━━━━━━━━━━━━━━━━━━━━━━━━ 509.2/509.2 kB 1.6 MB/s eta 0:00:00
#10 40.98 Collecting tzdata>=2022.7 (from pandas<3,>=1.3.0->streamlit==1.36.0->-r requirements.txt (line 3))
#10 41.17   Downloading https://nexus.onefiserv.net/repository/pypi-proxy/packages/tzdata/2025.2/tzdata-2025.2-py2.py3-none-any.whl (347 kB)
#10 41.35      ━━━━━━━━━━━━━━━━━━━━━━━━━━━━━━━━━━━━━━━ 347.8/347.8 kB 1.9 MB/s eta 0:00:00
#10 41.62 Collecting markdown-it-py>=2.2.0 (from rich<14,>=10.14.0->streamlit==1.36.0->-r requirements.txt (line 3))
#10 41.86   Downloading https://nexus.onefiserv.net/repository/pypi-proxy/packages/markdown-it-py/3.0.0/markdown_it_py-3.0.0-py3-none-any.whl (87 kB)
#10 41.90      ━━━━━━━━━━━━━━━━━━━━━━━━━━━━━━━━━━━━━━━━ 87.5/87.5 kB 1.9 MB/s eta 0:00:00
#10 42.17 Collecting pygments<3.0.0,>=2.13.0 (from rich<14,>=10.14.0->streamlit==1.36.0->-r requirements.txt (line 3))
#10 42.41   Downloading https://nexus.onefiserv.net/repository/pypi-proxy/packages/pygments/2.19.2/pygments-2.19.2-py3-none-any.whl (1.2 MB)
#10 43.15      ━━━━━━━━━━━━━━━━━━━━━━━━━━━━━━━━━━━━━━━━ 1.2/1.2 MB 1.6 MB/s eta 0:00:00
#10 43.36 Collecting smmap<6,>=3.0.1 (from gitdb<5,>=4.0.1->gitpython!=3.1.19,<4,>=3.0.7->streamlit==1.36.0->-r requirements.txt (line 3))
#10 43.52   Downloading https://nexus.onefiserv.net/repository/pypi-proxy/packages/smmap/5.0.2/smmap-5.0.2-py3-none-any.whl (24 kB)
#10 43.91 Collecting MarkupSafe>=2.0 (from jinja2->altair<6,>=4.0->streamlit==1.36.0->-r requirements.txt (line 3))
#10 44.10   Downloading https://nexus.onefiserv.net/repository/pypi-proxy/packages/markupsafe/3.0.2/MarkupSafe-3.0.2-cp39-cp39-manylinux_2_17_x86_64.manylinux2014_x86_64.whl (20 kB)
#10 44.27 Collecting attrs>=22.2.0 (from jsonschema>=3.0->altair<6,>=4.0->streamlit==1.36.0->-r requirements.txt (line 3))
#10 44.49   Downloading https://nexus.onefiserv.net/repository/pypi-proxy/packages/attrs/25.3.0/attrs-25.3.0-py3-none-any.whl (63 kB)
#10 44.50      ━━━━━━━━━━━━━━━━━━━━━━━━━━━━━━━━━━━━━━━ 63.8/63.8 kB 109.4 MB/s eta 0:00:00
#10 44.67 Collecting jsonschema-specifications>=2023.03.6 (from jsonschema>=3.0->altair<6,>=4.0->streamlit==1.36.0->-r requirements.txt (line 3))
#10 44.79   Downloading https://nexus.onefiserv.net/repository/pypi-proxy/packages/jsonschema-specifications/2025.4.1/jsonschema_specifications-2025.4.1-py3-none-any.whl (18 kB)
#10 45.02 Collecting referencing>=0.28.4 (from jsonschema>=3.0->altair<6,>=4.0->streamlit==1.36.0->-r requirements.txt (line 3))
#10 45.17   Downloading https://nexus.onefiserv.net/repository/pypi-proxy/packages/referencing/0.36.2/referencing-0.36.2-py3-none-any.whl (26 kB)
#10 46.68 Collecting rpds-py>=0.7.1 (from jsonschema>=3.0->altair<6,>=4.0->streamlit==1.36.0->-r requirements.txt (line 3))
#10 46.89   Downloading https://nexus.onefiserv.net/repository/pypi-proxy/packages/rpds-py/0.25.1/rpds_py-0.25.1-cp39-cp39-manylinux_2_17_x86_64.manylinux2014_x86_64.whl (386 kB)
#10 47.09      ━━━━━━━━━━━━━━━━━━━━━━━━━━━━━━━━━━━━━━━ 387.0/387.0 kB 1.8 MB/s eta 0:00:00
#10 47.32 Collecting mdurl~=0.1 (from markdown-it-py>=2.2.0->rich<14,>=10.14.0->streamlit==1.36.0->-r requirements.txt (line 3))
#10 47.53   Downloading https://nexus.onefiserv.net/repository/pypi-proxy/packages/mdurl/0.1.2/mdurl-0.1.2-py3-none-any.whl (10.0 kB)
#10 47.72 Collecting six>=1.5 (from python-dateutil>=2.8.2->pandas<3,>=1.3.0->streamlit==1.36.0->-r requirements.txt (line 3))
#10 48.27   Downloading https://nexus.onefiserv.net/repository/pypi-proxy/packages/six/1.17.0/six-1.17.0-py2.py3-none-any.whl (11 kB)
#10 48.88 Installing collected packages: pytz, watchdog, urllib3, tzdata, typing-extensions, tornado, toml, tenacity, smmap, six, rpds-py, python-dotenv, pygments, pyarrow, protobuf, pip, pillow, packaging, numpy, narwhals, mdurl, MarkupSafe, idna, click, charset-normalizer, certifi, cachetools, blinker, attrs, requests, referencing, python-dateutil, markdown-it-py, jinja2, gitdb, rich, pydeck, pandas, jsonschema-specifications, gitpython, jsonschema, altair, streamlit, streamlit-toggle-switch
#10 53.35   Attempting uninstall: pip
#10 53.35     Found existing installation: pip 23.3.1
#10 53.42     Uninstalling pip-23.3.1:
#10 54.19       Successfully uninstalled pip-23.3.1
#10 71.50 Successfully installed MarkupSafe-3.0.2 altair-5.5.0 attrs-25.3.0 blinker-1.9.0 cachetools-5.5.2 certifi-2025.6.15 charset-normalizer-3.4.2 click-8.1.8 gitdb-4.0.12 gitpython-3.1.44 idna-3.10 jinja2-3.1.6 jsonschema-4.24.0 jsonschema-specifications-2025.4.1 markdown-it-py-3.0.0 mdurl-0.1.2 narwhals-1.44.0 numpy-2.0.2 packaging-24.2 pandas-2.3.0 pillow-10.4.0 pip-25.0.1 protobuf-5.29.5 pyarrow-20.0.0 pydeck-0.9.1 pygments-2.19.2 python-dateutil-2.9.0.post0 python-dotenv-1.1.1 pytz-2025.2 referencing-0.36.2 requests-2.32.3 rich-13.9.4 rpds-py-0.25.1 six-1.17.0 smmap-5.0.2 streamlit-1.36.0 streamlit-toggle-switch-1.0.2 tenacity-8.5.0 toml-0.10.2 tornado-6.5.1 typing-extensions-4.14.0 tzdata-2025.2 urllib3-2.5.0 watchdog-4.0.2
#10 DONE 79.1s
#11 exporting to image
#11 exporting layers
#11 exporting layers 5.9s done
#11 writing image sha256:21c4b2d62e890e28e79e938de0ae066add0dad77bd59ebd146dd4d8cc2f7be93 0.0s done
#11 naming to fmk.nexus-ci.onefiserv.net/apm/0006528/ai-chatbot:c85c5106 0.0s done
#11 DONE 6.0s
$ echo "Pushing Docker image to Nexus..."
Pushing Docker image to Nexus...
$ docker push $FULL_IMAGE_NAME
The push refers to repository [fmk.nexus-ci.onefiserv.net/apm/0006528/ai-chatbot]
95e12c901817: Preparing
f4eb4782db95: Preparing
f4eb4782db95: Preparing
5f70bf18a086: Preparing
6014fccf6aa3: Preparing
b7025e7bbc38: Preparing
b7025e7bbc38: Layer already exists
5f70bf18a086: Layer already exists
f4eb4782db95: Pushed
6014fccf6aa3: Pushed
95e12c901817: Pushed
blob upload invalid: blob upload invalid
Cleaning up project directory and file based variables
00:00
ERROR: Job failed: exit status 1
