Running with gitlab-runner 16.11.2 (1d04b67a)
  on l7lp2apmglr0004-Prod-Global-GitLab-Cloud-Shell-apihub-shared otbgjhye, system ID: s_842e1c8182d6
Resolving secrets
Preparing the "shell" executor
00:00
Using Shell (bash) executor...
Preparing environment
00:00
Running on l7lp2apmglr0004...
Getting source from Git repository
00:02
Fetching changes with git depth set to 20...
Reinitialized existing Git repository in /home/gitlab-runner/builds/otbgjhye/0/fts-apimanagement/fts-python-microservices/ai-chatbot/.git/
Checking out 26a68845 as detached HEAD (ref is main)...
Skipping Git submodules setup
Executing "step_script" stage of the job script
02:05
$ echo "Logging in to Nexus Docker registry..."
Logging in to Nexus Docker registry...
$ echo "$NEXUS_REPO_PASS" | docker login -u "$NEXUS_REPO_USER" --password-stdin $NEXUS_REGISTRY
WARNING! Your password will be stored unencrypted in /home/gitlab-runner/.docker/config.json.
Configure a credential helper to remove this warning. See
https://docs.docker.com/engine/reference/commandline/login/#credentials-store
Login Succeeded
$ echo "Building Docker image with Python code..."
Building Docker image with Python code...
$ docker build -t $FULL_IMAGE_NAME .
#0 building with "default" instance using docker driver
#1 [internal] load build definition from Dockerfile
#1 transferring dockerfile: 924B done
#1 DONE 0.0s
#2 [internal] load metadata for fmk.nexus.onefiserv.net/fmk/python/python-3.9:FMK-01-10-24
#2 DONE 0.6s
#3 [internal] load .dockerignore
#3 transferring context: 2B done
#3 DONE 0.0s
#4 [1/6] FROM fmk.nexus.onefiserv.net/fmk/python/python-3.9:FMK-01-10-24@sha256:27e209951b4198d676b6af7b2eef6029bd67ba1682dd91c8037f5ba8dd7c7302
#4 DONE 0.0s
#5 [internal] load build context
#5 transferring context: 46.76kB 0.0s done
#5 DONE 0.1s
#4 [1/6] FROM fmk.nexus.onefiserv.net/fmk/python/python-3.9:FMK-01-10-24@sha256:27e209951b4198d676b6af7b2eef6029bd67ba1682dd91c8037f5ba8dd7c7302
#4 CACHED
#6 [2/6] COPY . /app
#6 DONE 0.7s
#7 [3/6] WORKDIR /app
#7 DONE 0.2s
#8 [4/6] COPY requirements.txt ./
#8 DONE 0.2s
#9 [5/6] ADD requirements.txt /app/
#9 DONE 0.2s
#10 [6/6] RUN python -m pip install -r requirements.txt
#10 2.266 Looking in indexes: https://nexus.onefiserv.net/repository/pypi-proxy/simple
#10 2.285 Collecting pip@ https://nexus.onefiserv.net/repository/pypi-proxy/packages/pip/25.0.1/pip-25.0.1-py3-none-any.whl (from -r requirements.txt (line 6))
#10 2.926   Downloading https://nexus.onefiserv.net/repository/pypi-proxy/packages/pip/25.0.1/pip-25.0.1-py3-none-any.whl (1.8 MB)
#10 3.404      ━━━━━━━━━━━━━━━━━━━━━━━━━━━━━━━━━━━━━━━━ 1.8/1.8 MB 3.9 MB/s eta 0:00:00
#10 3.943 Collecting streamlit==1.36.0 (from -r requirements.txt (line 3))
#10 4.212   Downloading https://nexus.onefiserv.net/repository/pypi-proxy/packages/streamlit/1.36.0/streamlit-1.36.0-py2.py3-none-any.whl (8.6 MB)
#10 4.653      ━━━━━━━━━━━━━━━━━━━━━━━━━━━━━━━━━━━━━━━━ 8.6/8.6 MB 19.7 MB/s eta 0:00:00
#10 4.969 Collecting streamlit-toggle-switch==1.0.2 (from -r requirements.txt (line 4))
#10 5.226   Downloading https://nexus.onefiserv.net/repository/pypi-proxy/packages/streamlit-toggle-switch/1.0.2/streamlit_toggle_switch-1.0.2-py3-none-any.whl (635 kB)
#10 5.236      ━━━━━━━━━━━━━━━━━━━━━━━━━━━━━━━━━━━━━ 635.4/635.4 kB 106.3 MB/s eta 0:00:00
#10 5.521 Collecting requests==2.32.3 (from -r requirements.txt (line 5))
#10 5.728   Downloading https://nexus.onefiserv.net/repository/pypi-proxy/packages/requests/2.32.3/requests-2.32.3-py3-none-any.whl (64 kB)
#10 5.733      ━━━━━━━━━━━━━━━━━━━━━━━━━━━━━━━━━━━━━━━━ 64.9/64.9 kB 87.3 MB/s eta 0:00:00
#10 6.035 Collecting altair<6,>=4.0 (from streamlit==1.36.0->-r requirements.txt (line 3))
#10 6.427   Downloading https://nexus.onefiserv.net/repository/pypi-proxy/packages/altair/5.5.0/altair-5.5.0-py3-none-any.whl (731 kB)
#10 6.440      ━━━━━━━━━━━━━━━━━━━━━━━━━━━━━━━━━━━━━━ 731.2/731.2 kB 87.2 MB/s eta 0:00:00
#10 6.664 Collecting blinker<2,>=1.0.0 (from streamlit==1.36.0->-r requirements.txt (line 3))
#10 6.910   Downloading https://nexus.onefiserv.net/repository/pypi-proxy/packages/blinker/1.9.0/blinker-1.9.0-py3-none-any.whl (8.5 kB)
#10 7.172 Collecting cachetools<6,>=4.0 (from streamlit==1.36.0->-r requirements.txt (line 3))
#10 7.384   Downloading https://nexus.onefiserv.net/repository/pypi-proxy/packages/cachetools/5.5.2/cachetools-5.5.2-py3-none-any.whl (10 kB)
#10 7.660 Collecting click<9,>=7.0 (from streamlit==1.36.0->-r requirements.txt (line 3))
#10 7.950   Downloading https://nexus.onefiserv.net/repository/pypi-proxy/packages/click/8.1.8/click-8.1.8-py3-none-any.whl (98 kB)
#10 7.957      ━━━━━━━━━━━━━━━━━━━━━━━━━━━━━━━━━━━━━━━━ 98.2/98.2 kB 61.3 MB/s eta 0:00:00
#10 8.651 Collecting numpy<3,>=1.20 (from streamlit==1.36.0->-r requirements.txt (line 3))
#10 8.919   Downloading https://nexus.onefiserv.net/repository/pypi-proxy/packages/numpy/2.0.2/numpy-2.0.2-cp39-cp39-manylinux_2_17_x86_64.manylinux2014_x86_64.whl (19.5 MB)
#10 10.34      ━━━━━━━━━━━━━━━━━━━━━━━━━━━━━━━━━━━━━━━━ 19.5/19.5 MB 12.2 MB/s eta 0:00:00
#10 10.70 Collecting packaging<25,>=20 (from streamlit==1.36.0->-r requirements.txt (line 3))
#10 10.92   Downloading https://nexus.onefiserv.net/repository/pypi-proxy/packages/packaging/24.2/packaging-24.2-py3-none-any.whl (65 kB)
#10 10.92      ━━━━━━━━━━━━━━━━━━━━━━━━━━━━━━━━━━━━━━━━ 65.5/65.5 kB 78.0 MB/s eta 0:00:00
#10 11.44 Collecting pandas<3,>=1.3.0 (from streamlit==1.36.0->-r requirements.txt (line 3))
#10 11.73   Downloading https://nexus.onefiserv.net/repository/pypi-proxy/packages/pandas/2.3.0/pandas-2.3.0-cp39-cp39-manylinux_2_17_x86_64.manylinux2014_x86_64.whl (12.4 MB)
#10 13.94      ━━━━━━━━━━━━━━━━━━━━━━━━━━━━━━━━━━━━━━━━ 12.4/12.4 MB 5.2 MB/s eta 0:00:00
#10 14.49 Collecting pillow<11,>=7.1.0 (from streamlit==1.36.0->-r requirements.txt (line 3))
#10 14.70   Downloading https://nexus.onefiserv.net/repository/pypi-proxy/packages/pillow/10.4.0/pillow-10.4.0-cp39-cp39-manylinux_2_28_x86_64.whl (4.5 MB)
#10 15.81      ━━━━━━━━━━━━━━━━━━━━━━━━━━━━━━━━━━━━━━━━ 4.5/4.5 MB 4.1 MB/s eta 0:00:00
#10 16.61 Collecting protobuf<6,>=3.20 (from streamlit==1.36.0->-r requirements.txt (line 3))
#10 16.88   Downloading https://nexus.onefiserv.net/repository/pypi-proxy/packages/protobuf/5.29.5/protobuf-5.29.5-cp38-abi3-manylinux2014_x86_64.whl (319 kB)
#10 16.88      ━━━━━━━━━━━━━━━━━━━━━━━━━━━━━━━━━━━━━ 319.9/319.9 kB 129.8 MB/s eta 0:00:00
#10 17.31 Collecting pyarrow>=7.0 (from streamlit==1.36.0->-r requirements.txt (line 3))
#10 17.56   Downloading https://nexus.onefiserv.net/repository/pypi-proxy/packages/pyarrow/20.0.0/pyarrow-20.0.0-cp39-cp39-manylinux_2_28_x86_64.whl (42.3 MB)
#10 33.95      ━━━━━━━━━━━━━━━━━━━━━━━━━━━━━━━━━━━━━━━━ 42.3/42.3 MB 1.8 MB/s eta 0:00:00
#10 34.59 Collecting rich<14,>=10.14.0 (from streamlit==1.36.0->-r requirements.txt (line 3))
#10 34.85   Downloading https://nexus.onefiserv.net/repository/pypi-proxy/packages/rich/13.9.4/rich-13.9.4-py3-none-any.whl (242 kB)
#10 34.93      ━━━━━━━━━━━━━━━━━━━━━━━━━━━━━━━━━━━━━━━ 242.4/242.4 kB 3.2 MB/s eta 0:00:00
#10 35.32 Collecting tenacity<9,>=8.1.0 (from streamlit==1.36.0->-r requirements.txt (line 3))
#10 35.59   Downloading https://nexus.onefiserv.net/repository/pypi-proxy/packages/tenacity/8.5.0/tenacity-8.5.0-py3-none-any.whl (28 kB)
#10 35.85 Collecting toml<2,>=0.10.1 (from streamlit==1.36.0->-r requirements.txt (line 3))
#10 36.02   Downloading https://nexus.onefiserv.net/repository/pypi-proxy/packages/toml/0.10.2/toml-0.10.2-py2.py3-none-any.whl (16 kB)
#10 36.25 Collecting typing-extensions<5,>=4.3.0 (from streamlit==1.36.0->-r requirements.txt (line 3))
#10 36.45   Downloading https://nexus.onefiserv.net/repository/pypi-proxy/packages/typing-extensions/4.14.0/typing_extensions-4.14.0-py3-none-any.whl (43 kB)
#10 36.45      ━━━━━━━━━━━━━━━━━━━━━━━━━━━━━━━━━━━━━━━━ 43.8/43.8 kB 67.0 MB/s eta 0:00:00
#10 36.62 Collecting gitpython!=3.1.19,<4,>=3.0.7 (from streamlit==1.36.0->-r requirements.txt (line 3))
#10 37.01   Downloading https://nexus.onefiserv.net/repository/pypi-proxy/packages/gitpython/3.1.44/GitPython-3.1.44-py3-none-any.whl (207 kB)
#10 37.24      ━━━━━━━━━━━━━━━━━━━━━━━━━━━━━━━━━━━━━ 207.6/207.6 kB 855.8 kB/s eta 0:00:00
#10 37.57 Collecting pydeck<1,>=0.8.0b4 (from streamlit==1.36.0->-r requirements.txt (line 3))
#10 37.83   Downloading https://nexus.onefiserv.net/repository/pypi-proxy/packages/pydeck/0.9.1/pydeck-0.9.1-py2.py3-none-any.whl (6.9 MB)
#10 41.75      ━━━━━━━━━━━━━━━━━━━━━━━━━━━━━━━━━━━━━━━━ 6.9/6.9 MB 1.8 MB/s eta 0:00:00
#10 42.02 Collecting tornado<7,>=6.0.3 (from streamlit==1.36.0->-r requirements.txt (line 3))
#10 42.22   Downloading https://nexus.onefiserv.net/repository/pypi-proxy/packages/tornado/6.5.1/tornado-6.5.1-cp39-abi3-manylinux_2_5_x86_64.manylinux1_x86_64.manylinux_2_17_x86_64.manylinux2014_x86_64.whl (443 kB)
#10 42.46      ━━━━━━━━━━━━━━━━━━━━━━━━━━━━━━━━━━━━━━━ 443.3/443.3 kB 1.9 MB/s eta 0:00:00
#10 42.95 Collecting watchdog<5,>=2.1.5 (from streamlit==1.36.0->-r requirements.txt (line 3))
#10 43.17   Downloading https://nexus.onefiserv.net/repository/pypi-proxy/packages/watchdog/4.0.2/watchdog-4.0.2-py3-none-manylinux2014_x86_64.whl (82 kB)
#10 43.17      ━━━━━━━━━━━━━━━━━━━━━━━━━━━━━━━━━━━━━━━ 82.9/82.9 kB 101.3 MB/s eta 0:00:00
#10 43.81 Collecting charset-normalizer<4,>=2 (from requests==2.32.3->-r requirements.txt (line 5))
#10 44.08   Downloading https://nexus.onefiserv.net/repository/pypi-proxy/packages/charset-normalizer/3.4.2/charset_normalizer-3.4.2-cp39-cp39-manylinux_2_17_x86_64.manylinux2014_x86_64.whl (149 kB)
#10 44.16      ━━━━━━━━━━━━━━━━━━━━━━━━━━━━━━━━━━━━━━━ 149.5/149.5 kB 1.9 MB/s eta 0:00:00
#10 44.30 Collecting idna<4,>=2.5 (from requests==2.32.3->-r requirements.txt (line 5))
#10 44.49   Downloading https://nexus.onefiserv.net/repository/pypi-proxy/packages/idna/3.10/idna-3.10-py3-none-any.whl (70 kB)
#10 44.49      ━━━━━━━━━━━━━━━━━━━━━━━━━━━━━━━━━━━━━━━━ 70.4/70.4 kB 53.6 MB/s eta 0:00:00
#10 44.71 Collecting urllib3<3,>=1.21.1 (from requests==2.32.3->-r requirements.txt (line 5))
#10 44.82   Downloading https://nexus.onefiserv.net/repository/pypi-proxy/packages/urllib3/2.5.0/urllib3-2.5.0-py3-none-any.whl (129 kB)
#10 44.83      ━━━━━━━━━━━━━━━━━━━━━━━━━━━━━━━━━━━━━━ 129.8/129.8 kB 71.0 MB/s eta 0:00:00
#10 44.97 Collecting certifi>=2017.4.17 (from requests==2.32.3->-r requirements.txt (line 5))
#10 45.08   Downloading https://nexus.onefiserv.net/repository/pypi-proxy/packages/certifi/2025.6.15/certifi-2025.6.15-py3-none-any.whl (157 kB)
#10 45.16      ━━━━━━━━━━━━━━━━━━━━━━━━━━━━━━━━━━━━━━━ 157.7/157.7 kB 2.0 MB/s eta 0:00:00
#10 45.40 Collecting jinja2 (from altair<6,>=4.0->streamlit==1.36.0->-r requirements.txt (line 3))
#10 45.64   Downloading https://nexus.onefiserv.net/repository/pypi-proxy/packages/jinja2/3.1.6/jinja2-3.1.6-py3-none-any.whl (134 kB)
#10 45.65      ━━━━━━━━━━━━━━━━━━━━━━━━━━━━━━━━━━━━━━ 134.9/134.9 kB 58.9 MB/s eta 0:00:00
#10 45.87 Collecting jsonschema>=3.0 (from altair<6,>=4.0->streamlit==1.36.0->-r requirements.txt (line 3))
#10 46.14   Downloading https://nexus.onefiserv.net/repository/pypi-proxy/packages/jsonschema/4.24.0/jsonschema-4.24.0-py3-none-any.whl (88 kB)
#10 46.15      ━━━━━━━━━━━━━━━━━━━━━━━━━━━━━━━━━━━━━━━ 88.7/88.7 kB 104.1 MB/s eta 0:00:00
#10 46.58 Collecting narwhals>=1.14.2 (from altair<6,>=4.0->streamlit==1.36.0->-r requirements.txt (line 3))
#10 46.86   Downloading https://nexus.onefiserv.net/repository/pypi-proxy/packages/narwhals/1.44.0/narwhals-1.44.0-py3-none-any.whl (365 kB)
#10 47.02      ━━━━━━━━━━━━━━━━━━━━━━━━━━━━━━━━━━━━━━━ 365.2/365.2 kB 2.3 MB/s eta 0:00:00
#10 47.23 Collecting gitdb<5,>=4.0.1 (from gitpython!=3.1.19,<4,>=3.0.7->streamlit==1.36.0->-r requirements.txt (line 3))
#10 47.54   Downloading https://nexus.onefiserv.net/repository/pypi-proxy/packages/gitdb/4.0.12/gitdb-4.0.12-py3-none-any.whl (62 kB)
#10 47.54      ━━━━━━━━━━━━━━━━━━━━━━━━━━━━━━━━━━━━━━━━ 62.8/62.8 kB 96.3 MB/s eta 0:00:00
#10 47.87 Collecting python-dateutil>=2.8.2 (from pandas<3,>=1.3.0->streamlit==1.36.0->-r requirements.txt (line 3))
#10 48.02   Downloading https://nexus.onefiserv.net/repository/pypi-proxy/packages/python-dateutil/2.9.0.post0/python_dateutil-2.9.0.post0-py2.py3-none-any.whl (229 kB)
#10 48.10      ━━━━━━━━━━━━━━━━━━━━━━━━━━━━━━━━━━━━━━━ 229.9/229.9 kB 2.8 MB/s eta 0:00:00
#10 48.41 Collecting pytz>=2020.1 (from pandas<3,>=1.3.0->streamlit==1.36.0->-r requirements.txt (line 3))
#10 48.70   Downloading https://nexus.onefiserv.net/repository/pypi-proxy/packages/pytz/2025.2/pytz-2025.2-py2.py3-none-any.whl (509 kB)
#10 48.94      ━━━━━━━━━━━━━━━━━━━━━━━━━━━━━━━━━━━━━━━ 509.2/509.2 kB 2.1 MB/s eta 0:00:00
#10 49.19 Collecting tzdata>=2022.7 (from pandas<3,>=1.3.0->streamlit==1.36.0->-r requirements.txt (line 3))
#10 49.43   Downloading https://nexus.onefiserv.net/repository/pypi-proxy/packages/tzdata/2025.2/tzdata-2025.2-py2.py3-none-any.whl (347 kB)
#10 49.60      ━━━━━━━━━━━━━━━━━━━━━━━━━━━━━━━━━━━━━━━ 347.8/347.8 kB 2.0 MB/s eta 0:00:00
#10 49.94 Collecting markdown-it-py>=2.2.0 (from rich<14,>=10.14.0->streamlit==1.36.0->-r requirements.txt (line 3))
#10 50.18   Downloading https://nexus.onefiserv.net/repository/pypi-proxy/packages/markdown-it-py/3.0.0/markdown_it_py-3.0.0-py3-none-any.whl (87 kB)
#10 50.18      ━━━━━━━━━━━━━━━━━━━━━━━━━━━━━━━━━━━━━━━━ 87.5/87.5 kB 90.1 MB/s eta 0:00:00
#10 50.40 Collecting pygments<3.0.0,>=2.13.0 (from rich<14,>=10.14.0->streamlit==1.36.0->-r requirements.txt (line 3))
#10 50.68   Downloading https://nexus.onefiserv.net/repository/pypi-proxy/packages/pygments/2.19.2/pygments-2.19.2-py3-none-any.whl (1.2 MB)
#10 51.30      ━━━━━━━━━━━━━━━━━━━━━━━━━━━━━━━━━━━━━━━━ 1.2/1.2 MB 2.0 MB/s eta 0:00:00
#10 51.60 Collecting smmap<6,>=3.0.1 (from gitdb<5,>=4.0.1->gitpython!=3.1.19,<4,>=3.0.7->streamlit==1.36.0->-r requirements.txt (line 3))
#10 51.75   Downloading https://nexus.onefiserv.net/repository/pypi-proxy/packages/smmap/5.0.2/smmap-5.0.2-py3-none-any.whl (24 kB)
#10 52.14 Collecting MarkupSafe>=2.0 (from jinja2->altair<6,>=4.0->streamlit==1.36.0->-r requirements.txt (line 3))
#10 52.75   Downloading https://nexus.onefiserv.net/repository/pypi-proxy/packages/markupsafe/3.0.2/MarkupSafe-3.0.2-cp39-cp39-manylinux_2_17_x86_64.manylinux2014_x86_64.whl (20 kB)
#10 52.98 Collecting attrs>=22.2.0 (from jsonschema>=3.0->altair<6,>=4.0->streamlit==1.36.0->-r requirements.txt (line 3))
#10 53.21   Downloading https://nexus.onefiserv.net/repository/pypi-proxy/packages/attrs/25.3.0/attrs-25.3.0-py3-none-any.whl (63 kB)
#10 53.22      ━━━━━━━━━━━━━━━━━━━━━━━━━━━━━━━━━━━━━━━━ 63.8/63.8 kB 71.9 MB/s eta 0:00:00
#10 53.39 Collecting jsonschema-specifications>=2023.03.6 (from jsonschema>=3.0->altair<6,>=4.0->streamlit==1.36.0->-r requirements.txt (line 3))
#10 53.60   Downloading https://nexus.onefiserv.net/repository/pypi-proxy/packages/jsonschema-specifications/2025.4.1/jsonschema_specifications-2025.4.1-py3-none-any.whl (18 kB)
#10 53.80 Collecting referencing>=0.28.4 (from jsonschema>=3.0->altair<6,>=4.0->streamlit==1.36.0->-r requirements.txt (line 3))
#10 53.93   Downloading https://nexus.onefiserv.net/repository/pypi-proxy/packages/referencing/0.36.2/referencing-0.36.2-py3-none-any.whl (26 kB)
#10 55.52 Collecting rpds-py>=0.7.1 (from jsonschema>=3.0->altair<6,>=4.0->streamlit==1.36.0->-r requirements.txt (line 3))
#10 55.80   Downloading https://nexus.onefiserv.net/repository/pypi-proxy/packages/rpds-py/0.25.1/rpds_py-0.25.1-cp39-cp39-manylinux_2_17_x86_64.manylinux2014_x86_64.whl (386 kB)
#10 55.96      ━━━━━━━━━━━━━━━━━━━━━━━━━━━━━━━━━━━━━━━ 387.0/387.0 kB 2.5 MB/s eta 0:00:00
#10 56.22 Collecting mdurl~=0.1 (from markdown-it-py>=2.2.0->rich<14,>=10.14.0->streamlit==1.36.0->-r requirements.txt (line 3))
#10 56.47   Downloading https://nexus.onefiserv.net/repository/pypi-proxy/packages/mdurl/0.1.2/mdurl-0.1.2-py3-none-any.whl (10.0 kB)
#10 56.69 Collecting six>=1.5 (from python-dateutil>=2.8.2->pandas<3,>=1.3.0->streamlit==1.36.0->-r requirements.txt (line 3))
#10 56.86   Downloading https://nexus.onefiserv.net/repository/pypi-proxy/packages/six/1.17.0/six-1.17.0-py2.py3-none-any.whl (11 kB)
#10 57.78 Installing collected packages: pytz, watchdog, urllib3, tzdata, typing-extensions, tornado, toml, tenacity, smmap, six, rpds-py, pygments, pyarrow, protobuf, pip, pillow, packaging, numpy, narwhals, mdurl, MarkupSafe, idna, click, charset-normalizer, certifi, cachetools, blinker, attrs, requests, referencing, python-dateutil, markdown-it-py, jinja2, gitdb, rich, pydeck, pandas, jsonschema-specifications, gitpython, jsonschema, altair, streamlit, streamlit-toggle-switch
#10 70.47   Attempting uninstall: pip
#10 70.47     Found existing installation: pip 23.3.1
#10 70.58     Uninstalling pip-23.3.1:
#10 80.73       Successfully uninstalled pip-23.3.1
#10 109.2 Successfully installed MarkupSafe-3.0.2 altair-5.5.0 attrs-25.3.0 blinker-1.9.0 cachetools-5.5.2 certifi-2025.6.15 charset-normalizer-3.4.2 click-8.1.8 gitdb-4.0.12 gitpython-3.1.44 idna-3.10 jinja2-3.1.6 jsonschema-4.24.0 jsonschema-specifications-2025.4.1 markdown-it-py-3.0.0 mdurl-0.1.2 narwhals-1.44.0 numpy-2.0.2 packaging-24.2 pandas-2.3.0 pillow-10.4.0 pip-25.0.1 protobuf-5.29.5 pyarrow-20.0.0 pydeck-0.9.1 pygments-2.19.2 python-dateutil-2.9.0.post0 pytz-2025.2 referencing-0.36.2 requests-2.32.3 rich-13.9.4 rpds-py-0.25.1 six-1.17.0 smmap-5.0.2 streamlit-1.36.0 streamlit-toggle-switch-1.0.2 tenacity-8.5.0 toml-0.10.2 tornado-6.5.1 typing-extensions-4.14.0 tzdata-2025.2 urllib3-2.5.0 watchdog-4.0.2
#10 DONE 111.1s
#11 exporting to image
#11 exporting layers
#11 exporting layers 4.0s done
#11 writing image sha256:3f94e4f1ffecd53896934fe8a5f3bfee76aa6ba2e94729e2641eae14d53d1314 done
#11 naming to fmk.nexus-ci.onefiserv.net/apm/006528/ai-chatbot:26a68845 0.0s done
#11 DONE 4.1s
$ echo "Pushing Docker image to Nexus..."
Pushing Docker image to Nexus...
$ docker push $FULL_IMAGE_NAME
The push refers to repository [fmk.nexus-ci.onefiserv.net/apm/006528/ai-chatbot]
82eb35d3bd63: Preparing
15de588dfa31: Preparing
15de588dfa31: Preparing
5f70bf18a086: Preparing
bfb50d671d44: Preparing
b7025e7bbc38: Preparing
b7025e7bbc38: Layer already exists
5f70bf18a086: Layer already exists
unauthorized: access to the requested resource is not authorized
Cleaning up project directory and file based variables
00:01
ERROR: Job failed: exit status 1
