Running with gitlab-runner 16.11.2 (1d04b67a)
  on l7lp2apmglr0003-Prod-Global-GitLab-Cloud-Shell-apihub-shared ZNFLWGL4, system ID: s_842e1c8182d6
Resolving secrets
Preparing the "shell" executor
00:00
Using Shell (bash) executor...
Preparing environment
00:00
Running on l7lp2apmglr0003...
Getting source from Git repository
00:03
Fetching changes with git depth set to 20...
Reinitialized existing Git repository in /home/gitlab-runner/builds/ZNFLWGL4/0/fts-apimanagement/fts-python-microservices/ai-chatbot/.git/
Checking out 26a68845 as detached HEAD (ref is main)...
Skipping Git submodules setup
Executing "step_script" stage of the job script
01:59
$ echo "Logging in to Nexus Docker registry..."
Logging in to Nexus Docker registry...
$ echo "$NEXUS_REPO_PASS" | docker login -u "$NEXUS_REPO_USER" --password-stdin $NEXUS_REGISTRY
WARNING! Your password will be stored unencrypted in /home/gitlab-runner/.docker/config.json.
Configure a credential helper to remove this warning. See
https://docs.docker.com/engine/reference/commandline/login/#credentials-store
Login Succeeded
$ echo "Building Docker image with Python code..."
Building Docker image with Python code...
$ docker build -t $FULL_IMAGE_NAME .
#0 building with "default" instance using docker driver
#1 [internal] load build definition from Dockerfile
#1 transferring dockerfile: 924B done
#1 DONE 0.1s
#2 [internal] load metadata for fmk.nexus.onefiserv.net/fmk/python/python-3.9:FMK-01-10-24
#2 DONE 0.7s
#3 [internal] load .dockerignore
#3 transferring context: 2B done
#3 DONE 0.1s
#4 [1/6] FROM fmk.nexus.onefiserv.net/fmk/python/python-3.9:FMK-01-10-24@sha256:27e209951b4198d676b6af7b2eef6029bd67ba1682dd91c8037f5ba8dd7c7302
#4 DONE 0.0s
#5 [internal] load build context
#5 transferring context: 232.60kB 0.4s done
#5 DONE 0.4s
#4 [1/6] FROM fmk.nexus.onefiserv.net/fmk/python/python-3.9:FMK-01-10-24@sha256:27e209951b4198d676b6af7b2eef6029bd67ba1682dd91c8037f5ba8dd7c7302
#4 CACHED
#6 [2/6] COPY . /app
#6 DONE 1.4s
#7 [3/6] WORKDIR /app
#7 DONE 0.2s
#8 [4/6] COPY requirements.txt ./
#8 DONE 0.2s
#9 [5/6] ADD requirements.txt /app/
#9 DONE 0.2s
#10 [6/6] RUN python -m pip install -r requirements.txt
#10 10.27 Looking in indexes: https://nexus.onefiserv.net/repository/pypi-proxy/simple
#10 10.28 Collecting pip@ https://nexus.onefiserv.net/repository/pypi-proxy/packages/pip/25.0.1/pip-25.0.1-py3-none-any.whl (from -r requirements.txt (line 6))
#10 11.16   Downloading https://nexus.onefiserv.net/repository/pypi-proxy/packages/pip/25.0.1/pip-25.0.1-py3-none-any.whl (1.8 MB)
#10 11.61      ━━━━━━━━━━━━━━━━━━━━━━━━━━━━━━━━━━━━━━━━ 1.8/1.8 MB 4.1 MB/s eta 0:00:00
#10 11.97 Collecting streamlit==1.36.0 (from -r requirements.txt (line 3))
#10 12.18   Downloading https://nexus.onefiserv.net/repository/pypi-proxy/packages/streamlit/1.36.0/streamlit-1.36.0-py2.py3-none-any.whl (8.6 MB)
#10 12.58      ━━━━━━━━━━━━━━━━━━━━━━━━━━━━━━━━━━━━━━━━ 8.6/8.6 MB 22.0 MB/s eta 0:00:00
#10 12.87 Collecting streamlit-toggle-switch==1.0.2 (from -r requirements.txt (line 4))
#10 13.10   Downloading https://nexus.onefiserv.net/repository/pypi-proxy/packages/streamlit-toggle-switch/1.0.2/streamlit_toggle_switch-1.0.2-py3-none-any.whl (635 kB)
#10 13.11      ━━━━━━━━━━━━━━━━━━━━━━━━━━━━━━━━━━━━━━ 635.4/635.4 kB 66.3 MB/s eta 0:00:00
#10 13.33 Collecting requests==2.32.3 (from -r requirements.txt (line 5))
#10 13.53   Downloading https://nexus.onefiserv.net/repository/pypi-proxy/packages/requests/2.32.3/requests-2.32.3-py3-none-any.whl (64 kB)
#10 13.53      ━━━━━━━━━━━━━━━━━━━━━━━━━━━━━━━━━━━━━━━ 64.9/64.9 kB 102.7 MB/s eta 0:00:00
#10 13.82 Collecting altair<6,>=4.0 (from streamlit==1.36.0->-r requirements.txt (line 3))
#10 14.11   Downloading https://nexus.onefiserv.net/repository/pypi-proxy/packages/altair/5.5.0/altair-5.5.0-py3-none-any.whl (731 kB)
#10 14.13      ━━━━━━━━━━━━━━━━━━━━━━━━━━━━━━━━━━━━━━ 731.2/731.2 kB 49.1 MB/s eta 0:00:00
#10 14.35 Collecting blinker<2,>=1.0.0 (from streamlit==1.36.0->-r requirements.txt (line 3))
#10 14.57   Downloading https://nexus.onefiserv.net/repository/pypi-proxy/packages/blinker/1.9.0/blinker-1.9.0-py3-none-any.whl (8.5 kB)
#10 14.83 Collecting cachetools<6,>=4.0 (from streamlit==1.36.0->-r requirements.txt (line 3))
#10 15.04   Downloading https://nexus.onefiserv.net/repository/pypi-proxy/packages/cachetools/5.5.2/cachetools-5.5.2-py3-none-any.whl (10 kB)
#10 15.29 Collecting click<9,>=7.0 (from streamlit==1.36.0->-r requirements.txt (line 3))
#10 15.60   Downloading https://nexus.onefiserv.net/repository/pypi-proxy/packages/click/8.1.8/click-8.1.8-py3-none-any.whl (98 kB)
#10 15.60      ━━━━━━━━━━━━━━━━━━━━━━━━━━━━━━━━━━━━━━━ 98.2/98.2 kB 137.1 MB/s eta 0:00:00
#10 16.16 Collecting numpy<3,>=1.20 (from streamlit==1.36.0->-r requirements.txt (line 3))
#10 16.42   Downloading https://nexus.onefiserv.net/repository/pypi-proxy/packages/numpy/2.0.2/numpy-2.0.2-cp39-cp39-manylinux_2_17_x86_64.manylinux2014_x86_64.whl (19.5 MB)
#10 17.13      ━━━━━━━━━━━━━━━━━━━━━━━━━━━━━━━━━━━━━━━━ 19.5/19.5 MB 22.3 MB/s eta 0:00:00
#10 17.42 Collecting packaging<25,>=20 (from streamlit==1.36.0->-r requirements.txt (line 3))
#10 17.62   Downloading https://nexus.onefiserv.net/repository/pypi-proxy/packages/packaging/24.2/packaging-24.2-py3-none-any.whl (65 kB)
#10 17.62      ━━━━━━━━━━━━━━━━━━━━━━━━━━━━━━━━━━━━━━━ 65.5/65.5 kB 100.1 MB/s eta 0:00:00
#10 18.19 Collecting pandas<3,>=1.3.0 (from streamlit==1.36.0->-r requirements.txt (line 3))
#10 18.41   Downloading https://nexus.onefiserv.net/repository/pypi-proxy/packages/pandas/2.3.0/pandas-2.3.0-cp39-cp39-manylinux_2_17_x86_64.manylinux2014_x86_64.whl (12.4 MB)
#10 20.98      ━━━━━━━━━━━━━━━━━━━━━━━━━━━━━━━━━━━━━━━━ 12.4/12.4 MB 4.2 MB/s eta 0:00:00
#10 21.49 Collecting pillow<11,>=7.1.0 (from streamlit==1.36.0->-r requirements.txt (line 3))
#10 21.75   Downloading https://nexus.onefiserv.net/repository/pypi-proxy/packages/pillow/10.4.0/pillow-10.4.0-cp39-cp39-manylinux_2_28_x86_64.whl (4.5 MB)
#10 23.66      ━━━━━━━━━━━━━━━━━━━━━━━━━━━━━━━━━━━━━━━━ 4.5/4.5 MB 2.4 MB/s eta 0:00:00
#10 24.51 Collecting protobuf<6,>=3.20 (from streamlit==1.36.0->-r requirements.txt (line 3))
#10 24.76   Downloading https://nexus.onefiserv.net/repository/pypi-proxy/packages/protobuf/5.29.5/protobuf-5.29.5-cp38-abi3-manylinux2014_x86_64.whl (319 kB)
#10 24.86      ━━━━━━━━━━━━━━━━━━━━━━━━━━━━━━━━━━━━━━━ 319.9/319.9 kB 3.5 MB/s eta 0:00:00
#10 25.27 Collecting pyarrow>=7.0 (from streamlit==1.36.0->-r requirements.txt (line 3))
#10 25.54   Downloading https://nexus.onefiserv.net/repository/pypi-proxy/packages/pyarrow/20.0.0/pyarrow-20.0.0-cp39-cp39-manylinux_2_28_x86_64.whl (42.3 MB)
#10 46.86      ━━━━━━━━━━━━━━━━━━━━━━━━━━━━━━━━━━━━━━━━ 42.3/42.3 MB 2.0 MB/s eta 0:00:00
#10 47.38 Collecting rich<14,>=10.14.0 (from streamlit==1.36.0->-r requirements.txt (line 3))
#10 47.62   Downloading https://nexus.onefiserv.net/repository/pypi-proxy/packages/rich/13.9.4/rich-13.9.4-py3-none-any.whl (242 kB)
#10 47.69      ━━━━━━━━━━━━━━━━━━━━━━━━━━━━━━━━━━━━━━━ 242.4/242.4 kB 3.5 MB/s eta 0:00:00
#10 47.94 Collecting tenacity<9,>=8.1.0 (from streamlit==1.36.0->-r requirements.txt (line 3))
#10 48.17   Downloading https://nexus.onefiserv.net/repository/pypi-proxy/packages/tenacity/8.5.0/tenacity-8.5.0-py3-none-any.whl (28 kB)
#10 48.44 Collecting toml<2,>=0.10.1 (from streamlit==1.36.0->-r requirements.txt (line 3))
#10 48.66   Downloading https://nexus.onefiserv.net/repository/pypi-proxy/packages/toml/0.10.2/toml-0.10.2-py2.py3-none-any.whl (16 kB)
#10 48.89 Collecting typing-extensions<5,>=4.3.0 (from streamlit==1.36.0->-r requirements.txt (line 3))
#10 49.10   Downloading https://nexus.onefiserv.net/repository/pypi-proxy/packages/typing-extensions/4.14.0/typing_extensions-4.14.0-py3-none-any.whl (43 kB)
#10 49.11      ━━━━━━━━━━━━━━━━━━━━━━━━━━━━━━━━━━━━━━━━ 43.8/43.8 kB 94.8 MB/s eta 0:00:00
#10 49.35 Collecting gitpython!=3.1.19,<4,>=3.0.7 (from streamlit==1.36.0->-r requirements.txt (line 3))
#10 49.57   Downloading https://nexus.onefiserv.net/repository/pypi-proxy/packages/gitpython/3.1.44/GitPython-3.1.44-py3-none-any.whl (207 kB)
#10 49.58      ━━━━━━━━━━━━━━━━━━━━━━━━━━━━━━━━━━━━━ 207.6/207.6 kB 143.8 MB/s eta 0:00:00
#10 49.81 Collecting pydeck<1,>=0.8.0b4 (from streamlit==1.36.0->-r requirements.txt (line 3))
#10 50.11   Downloading https://nexus.onefiserv.net/repository/pypi-proxy/packages/pydeck/0.9.1/pydeck-0.9.1-py2.py3-none-any.whl (6.9 MB)
#10 51.86      ━━━━━━━━━━━━━━━━━━━━━━━━━━━━━━━━━━━━━━━━ 6.9/6.9 MB 3.9 MB/s eta 0:00:00
#10 52.13 Collecting tornado<7,>=6.0.3 (from streamlit==1.36.0->-r requirements.txt (line 3))
#10 52.38   Downloading https://nexus.onefiserv.net/repository/pypi-proxy/packages/tornado/6.5.1/tornado-6.5.1-cp39-abi3-manylinux_2_5_x86_64.manylinux1_x86_64.manylinux_2_17_x86_64.manylinux2014_x86_64.whl (443 kB)
#10 52.46      ━━━━━━━━━━━━━━━━━━━━━━━━━━━━━━━━━━━━━━━ 443.3/443.3 kB 6.1 MB/s eta 0:00:00
#10 52.82 Collecting watchdog<5,>=2.1.5 (from streamlit==1.36.0->-r requirements.txt (line 3))
#10 53.07   Downloading https://nexus.onefiserv.net/repository/pypi-proxy/packages/watchdog/4.0.2/watchdog-4.0.2-py3-none-manylinux2014_x86_64.whl (82 kB)
#10 53.07      ━━━━━━━━━━━━━━━━━━━━━━━━━━━━━━━━━━━━━━━ 82.9/82.9 kB 141.0 MB/s eta 0:00:00
#10 53.52 Collecting charset-normalizer<4,>=2 (from requests==2.32.3->-r requirements.txt (line 5))
#10 53.75   Downloading https://nexus.onefiserv.net/repository/pypi-proxy/packages/charset-normalizer/3.4.2/charset_normalizer-3.4.2-cp39-cp39-manylinux_2_17_x86_64.manylinux2014_x86_64.whl (149 kB)
#10 53.76      ━━━━━━━━━━━━━━━━━━━━━━━━━━━━━━━━━━━━━ 149.5/149.5 kB 149.1 MB/s eta 0:00:00
#10 54.02 Collecting idna<4,>=2.5 (from requests==2.32.3->-r requirements.txt (line 5))
#10 54.26   Downloading https://nexus.onefiserv.net/repository/pypi-proxy/packages/idna/3.10/idna-3.10-py3-none-any.whl (70 kB)
#10 54.26      ━━━━━━━━━━━━━━━━━━━━━━━━━━━━━━━━━━━━━━━ 70.4/70.4 kB 116.3 MB/s eta 0:00:00
#10 54.51 Collecting urllib3<3,>=1.21.1 (from requests==2.32.3->-r requirements.txt (line 5))
#10 54.77   Downloading https://nexus.onefiserv.net/repository/pypi-proxy/packages/urllib3/2.5.0/urllib3-2.5.0-py3-none-any.whl (129 kB)
#10 54.77      ━━━━━━━━━━━━━━━━━━━━━━━━━━━━━━━━━━━━━ 129.8/129.8 kB 159.2 MB/s eta 0:00:00
#10 54.93 Collecting certifi>=2017.4.17 (from requests==2.32.3->-r requirements.txt (line 5))
#10 55.20   Downloading https://nexus.onefiserv.net/repository/pypi-proxy/packages/certifi/2025.6.15/certifi-2025.6.15-py3-none-any.whl (157 kB)
#10 55.21      ━━━━━━━━━━━━━━━━━━━━━━━━━━━━━━━━━━━━━ 157.7/157.7 kB 151.3 MB/s eta 0:00:00
#10 55.53 Collecting jinja2 (from altair<6,>=4.0->streamlit==1.36.0->-r requirements.txt (line 3))
#10 55.80   Downloading https://nexus.onefiserv.net/repository/pypi-proxy/packages/jinja2/3.1.6/jinja2-3.1.6-py3-none-any.whl (134 kB)
#10 55.80      ━━━━━━━━━━━━━━━━━━━━━━━━━━━━━━━━━━━━━ 134.9/134.9 kB 149.7 MB/s eta 0:00:00
#10 56.11 Collecting jsonschema>=3.0 (from altair<6,>=4.0->streamlit==1.36.0->-r requirements.txt (line 3))
#10 56.43   Downloading https://nexus.onefiserv.net/repository/pypi-proxy/packages/jsonschema/4.24.0/jsonschema-4.24.0-py3-none-any.whl (88 kB)
#10 56.43      ━━━━━━━━━━━━━━━━━━━━━━━━━━━━━━━━━━━━━━━ 88.7/88.7 kB 137.8 MB/s eta 0:00:00
#10 56.73 Collecting narwhals>=1.14.2 (from altair<6,>=4.0->streamlit==1.36.0->-r requirements.txt (line 3))
#10 56.99   Downloading https://nexus.onefiserv.net/repository/pypi-proxy/packages/narwhals/1.44.0/narwhals-1.44.0-py3-none-any.whl (365 kB)
#10 57.00      ━━━━━━━━━━━━━━━━━━━━━━━━━━━━━━━━━━━━━ 365.2/365.2 kB 193.4 MB/s eta 0:00:00
#10 57.21 Collecting gitdb<5,>=4.0.1 (from gitpython!=3.1.19,<4,>=3.0.7->streamlit==1.36.0->-r requirements.txt (line 3))
#10 57.41   Downloading https://nexus.onefiserv.net/repository/pypi-proxy/packages/gitdb/4.0.12/gitdb-4.0.12-py3-none-any.whl (62 kB)
#10 57.41      ━━━━━━━━━━━━━━━━━━━━━━━━━━━━━━━━━━━━━━━ 62.8/62.8 kB 122.4 MB/s eta 0:00:00
#10 57.72 Collecting python-dateutil>=2.8.2 (from pandas<3,>=1.3.0->streamlit==1.36.0->-r requirements.txt (line 3))
#10 57.96   Downloading https://nexus.onefiserv.net/repository/pypi-proxy/packages/python-dateutil/2.9.0.post0/python_dateutil-2.9.0.post0-py2.py3-none-any.whl (229 kB)
#10 57.97      ━━━━━━━━━━━━━━━━━━━━━━━━━━━━━━━━━━━━━ 229.9/229.9 kB 167.0 MB/s eta 0:00:00
#10 58.25 Collecting pytz>=2020.1 (from pandas<3,>=1.3.0->streamlit==1.36.0->-r requirements.txt (line 3))
#10 58.49   Downloading https://nexus.onefiserv.net/repository/pypi-proxy/packages/pytz/2025.2/pytz-2025.2-py2.py3-none-any.whl (509 kB)
#10 58.57      ━━━━━━━━━━━━━━━━━━━━━━━━━━━━━━━━━━━━━━━ 509.2/509.2 kB 6.8 MB/s eta 0:00:00
#10 58.78 Collecting tzdata>=2022.7 (from pandas<3,>=1.3.0->streamlit==1.36.0->-r requirements.txt (line 3))
#10 59.01   Downloading https://nexus.onefiserv.net/repository/pypi-proxy/packages/tzdata/2025.2/tzdata-2025.2-py2.py3-none-any.whl (347 kB)
#10 59.01      ━━━━━━━━━━━━━━━━━━━━━━━━━━━━━━━━━━━━━ 347.8/347.8 kB 208.3 MB/s eta 0:00:00
#10 59.31 Collecting markdown-it-py>=2.2.0 (from rich<14,>=10.14.0->streamlit==1.36.0->-r requirements.txt (line 3))
#10 59.54   Downloading https://nexus.onefiserv.net/repository/pypi-proxy/packages/markdown-it-py/3.0.0/markdown_it_py-3.0.0-py3-none-any.whl (87 kB)
#10 59.54      ━━━━━━━━━━━━━━━━━━━━━━━━━━━━━━━━━━━━━━━ 87.5/87.5 kB 130.6 MB/s eta 0:00:00
#10 59.74 Collecting pygments<3.0.0,>=2.13.0 (from rich<14,>=10.14.0->streamlit==1.36.0->-r requirements.txt (line 3))
#10 59.98   Downloading https://nexus.onefiserv.net/repository/pypi-proxy/packages/pygments/2.19.2/pygments-2.19.2-py3-none-any.whl (1.2 MB)
#10 60.20      ━━━━━━━━━━━━━━━━━━━━━━━━━━━━━━━━━━━━━━━━ 1.2/1.2 MB 5.6 MB/s eta 0:00:00
#10 60.43 Collecting smmap<6,>=3.0.1 (from gitdb<5,>=4.0.1->gitpython!=3.1.19,<4,>=3.0.7->streamlit==1.36.0->-r requirements.txt (line 3))
#10 60.64   Downloading https://nexus.onefiserv.net/repository/pypi-proxy/packages/smmap/5.0.2/smmap-5.0.2-py3-none-any.whl (24 kB)
#10 60.96 Collecting MarkupSafe>=2.0 (from jinja2->altair<6,>=4.0->streamlit==1.36.0->-r requirements.txt (line 3))
#10 61.18   Downloading https://nexus.onefiserv.net/repository/pypi-proxy/packages/markupsafe/3.0.2/MarkupSafe-3.0.2-cp39-cp39-manylinux_2_17_x86_64.manylinux2014_x86_64.whl (20 kB)
#10 61.40 Collecting attrs>=22.2.0 (from jsonschema>=3.0->altair<6,>=4.0->streamlit==1.36.0->-r requirements.txt (line 3))
#10 61.58   Downloading https://nexus.onefiserv.net/repository/pypi-proxy/packages/attrs/25.3.0/attrs-25.3.0-py3-none-any.whl (63 kB)
#10 61.58      ━━━━━━━━━━━━━━━━━━━━━━━━━━━━━━━━━━━━━━━ 63.8/63.8 kB 114.5 MB/s eta 0:00:00
#10 61.81 Collecting jsonschema-specifications>=2023.03.6 (from jsonschema>=3.0->altair<6,>=4.0->streamlit==1.36.0->-r requirements.txt (line 3))
#10 62.01   Downloading https://nexus.onefiserv.net/repository/pypi-proxy/packages/jsonschema-specifications/2025.4.1/jsonschema_specifications-2025.4.1-py3-none-any.whl (18 kB)
#10 62.28 Collecting referencing>=0.28.4 (from jsonschema>=3.0->altair<6,>=4.0->streamlit==1.36.0->-r requirements.txt (line 3))
#10 62.44   Downloading https://nexus.onefiserv.net/repository/pypi-proxy/packages/referencing/0.36.2/referencing-0.36.2-py3-none-any.whl (26 kB)
#10 63.49 Collecting rpds-py>=0.7.1 (from jsonschema>=3.0->altair<6,>=4.0->streamlit==1.36.0->-r requirements.txt (line 3))
#10 63.75   Downloading https://nexus.onefiserv.net/repository/pypi-proxy/packages/rpds-py/0.25.1/rpds_py-0.25.1-cp39-cp39-manylinux_2_17_x86_64.manylinux2014_x86_64.whl (386 kB)
#10 63.75      ━━━━━━━━━━━━━━━━━━━━━━━━━━━━━━━━━━━━━ 387.0/387.0 kB 211.8 MB/s eta 0:00:00
#10 63.99 Collecting mdurl~=0.1 (from markdown-it-py>=2.2.0->rich<14,>=10.14.0->streamlit==1.36.0->-r requirements.txt (line 3))
#10 64.20   Downloading https://nexus.onefiserv.net/repository/pypi-proxy/packages/mdurl/0.1.2/mdurl-0.1.2-py3-none-any.whl (10.0 kB)
#10 64.48 Collecting six>=1.5 (from python-dateutil>=2.8.2->pandas<3,>=1.3.0->streamlit==1.36.0->-r requirements.txt (line 3))
#10 64.68   Downloading https://nexus.onefiserv.net/repository/pypi-proxy/packages/six/1.17.0/six-1.17.0-py2.py3-none-any.whl (11 kB)
#10 65.39 Installing collected packages: pytz, watchdog, urllib3, tzdata, typing-extensions, tornado, toml, tenacity, smmap, six, rpds-py, pygments, pyarrow, protobuf, pip, pillow, packaging, numpy, narwhals, mdurl, MarkupSafe, idna, click, charset-normalizer, certifi, cachetools, blinker, attrs, requests, referencing, python-dateutil, markdown-it-py, jinja2, gitdb, rich, pydeck, pandas, jsonschema-specifications, gitpython, jsonschema, altair, streamlit, streamlit-toggle-switch
#10 70.92   Attempting uninstall: pip
#10 70.92     Found existing installation: pip 23.3.1
#10 71.00     Uninstalling pip-23.3.1:
#10 73.10       Successfully uninstalled pip-23.3.1
#10 91.38 Successfully installed MarkupSafe-3.0.2 altair-5.5.0 attrs-25.3.0 blinker-1.9.0 cachetools-5.5.2 certifi-2025.6.15 charset-normalizer-3.4.2 click-8.1.8 gitdb-4.0.12 gitpython-3.1.44 idna-3.10 jinja2-3.1.6 jsonschema-4.24.0 jsonschema-specifications-2025.4.1 markdown-it-py-3.0.0 mdurl-0.1.2 narwhals-1.44.0 numpy-2.0.2 packaging-24.2 pandas-2.3.0 pillow-10.4.0 pip-25.0.1 protobuf-5.29.5 pyarrow-20.0.0 pydeck-0.9.1 pygments-2.19.2 python-dateutil-2.9.0.post0 pytz-2025.2 referencing-0.36.2 requests-2.32.3 rich-13.9.4 rpds-py-0.25.1 six-1.17.0 smmap-5.0.2 streamlit-1.36.0 streamlit-toggle-switch-1.0.2 tenacity-8.5.0 toml-0.10.2 tornado-6.5.1 typing-extensions-4.14.0 tzdata-2025.2 urllib3-2.5.0 watchdog-4.0.2
#10 DONE 106.4s
#11 exporting to image
#11 exporting layers
#11 exporting layers 3.3s done
#11 writing image sha256:92628844e8e0b1cc21eb265af7e734ebbb159159ca89b66f637a65e54b0f2346 0.0s done
#11 naming to fmk.nexus-ci.onefiserv.net/apm/006528/ai-chatbot:26a68845 0.0s done
#11 DONE 3.4s
$ echo "Pushing Docker image to Nexus..."
Pushing Docker image to Nexus...
$ docker push $FULL_IMAGE_NAME
The push refers to repository [fmk.nexus-ci.onefiserv.net/apm/006528/ai-chatbot]
aa5141337d10: Preparing
5861b22286d8: Preparing
f10bb1ee3512: Preparing
5f70bf18a086: Preparing
487274469a09: Preparing
b7025e7bbc38: Preparing
b7025e7bbc38: Waiting
unauthorized: access to the requested resource is not authorized
Cleaning up project directory and file based variables
00:00
ERROR: Job failed: exit status 1
